Component: ARM Compiler 6.16 Tool: armlink [5dfeaa00]

==============================================================================

Section Cross References

    startup_stm32h563xx.o(STACK) refers (Special) to heapauxi.o(.text) for __use_two_region_memory
    startup_stm32h563xx.o(HEAP) refers (Special) to heapauxi.o(.text) for __use_two_region_memory
    startup_stm32h563xx.o(RESET) refers (Special) to heapauxi.o(.text) for __use_two_region_memory
    startup_stm32h563xx.o(RESET) refers to startup_stm32h563xx.o(STACK) for __initial_sp
    startup_stm32h563xx.o(RESET) refers to startup_stm32h563xx.o(.text) for Reset_Handler
    startup_stm32h563xx.o(RESET) refers to lto-llvm-10048f.o(.text.NMI_Handler) for NMI_Handler
    startup_stm32h563xx.o(RESET) refers to lto-llvm-10048f.o(.text.HardFault_Handler) for HardFault_Handler
    startup_stm32h563xx.o(RESET) refers to lto-llvm-10048f.o(.text.MemManage_Handler) for MemManage_Handler
    startup_stm32h563xx.o(RESET) refers to lto-llvm-10048f.o(.text.BusFault_Handler) for BusFault_Handler
    startup_stm32h563xx.o(RESET) refers to lto-llvm-10048f.o(.text.UsageFault_Handler) for UsageFault_Handler
    startup_stm32h563xx.o(RESET) refers to lto-llvm-10048f.o(.text.SVC_Handler) for SVC_Handler
    startup_stm32h563xx.o(RESET) refers to lto-llvm-10048f.o(.text.DebugMon_Handler) for DebugMon_Handler
    startup_stm32h563xx.o(RESET) refers to lto-llvm-10048f.o(.text.PendSV_Handler) for PendSV_Handler
    startup_stm32h563xx.o(RESET) refers to lto-llvm-10048f.o(.text.SysTick_Handler) for SysTick_Handler
    startup_stm32h563xx.o(.text) refers (Special) to heapauxi.o(.text) for __use_two_region_memory
    startup_stm32h563xx.o(.text) refers to lto-llvm-10048f.o(.text.SystemInit) for SystemInit
    startup_stm32h563xx.o(.text) refers to __main.o(!!!main) for __main
    startup_stm32h563xx.o(.text) refers to startup_stm32h563xx.o(HEAP) for Heap_Mem
    startup_stm32h563xx.o(.text) refers to startup_stm32h563xx.o(STACK) for Stack_Mem
    __main.o(!!!main) refers to __rtentry.o(.ARM.Collect$$rtentry$$00000000) for __rt_entry
    modf.o(i.__hardfp_modf) refers (Special) to usenofp.o(x$fpl$usenofp) for __I$use$fp
    modf.o(i.__hardfp_modf) refers to daddsub_clz.o(x$fpl$dsub) for __aeabi_dsub
    modf.o(i.__softfp_modf) refers (Special) to usenofp.o(x$fpl$usenofp) for __I$use$fp
    modf.o(i.__softfp_modf) refers to modf.o(i.__hardfp_modf) for __hardfp_modf
    modf.o(i.modf) refers (Special) to usenofp.o(x$fpl$usenofp) for __I$use$fp
    modf.o(i.modf) refers to modf.o(i.__hardfp_modf) for __hardfp_modf
    __rtentry.o(.ARM.Collect$$rtentry$$00000000) refers (Special) to __rtentry2.o(.ARM.Collect$$rtentry$$0000000A) for __rt_entry_li
    __rtentry.o(.ARM.Collect$$rtentry$$00000000) refers (Special) to __rtentry2.o(.ARM.Collect$$rtentry$$0000000D) for __rt_entry_main
    __rtentry.o(.ARM.Collect$$rtentry$$00000000) refers (Special) to __rtentry2.o(.ARM.Collect$$rtentry$$0000000C) for __rt_entry_postli_1
    __rtentry.o(.ARM.Collect$$rtentry$$00000000) refers (Special) to __rtentry2.o(.ARM.Collect$$rtentry$$00000009) for __rt_entry_postsh_1
    __rtentry.o(.ARM.Collect$$rtentry$$00000000) refers (Special) to __rtentry2.o(.ARM.Collect$$rtentry$$00000002) for __rt_entry_presh_1
    __rtentry.o(.ARM.Collect$$rtentry$$00000000) refers (Special) to __rtentry4.o(.ARM.Collect$$rtentry$$00000004) for __rt_entry_sh
    daddsub_clz.o(x$fpl$dadd) refers (Special) to usenofp.o(x$fpl$usenofp) for __I$use$fp
    daddsub_clz.o(x$fpl$dadd) refers to daddsub_clz.o(x$fpl$dsub) for _dsub1
    daddsub_clz.o(x$fpl$dadd) refers to dretinf.o(x$fpl$dretinf) for __fpl_dretinf
    daddsub_clz.o(x$fpl$dadd) refers to dnaninf.o(x$fpl$dnaninf) for __fpl_dnaninf
    daddsub_clz.o(x$fpl$drsb) refers (Special) to usenofp.o(x$fpl$usenofp) for __I$use$fp
    daddsub_clz.o(x$fpl$drsb) refers to daddsub_clz.o(x$fpl$dadd) for _dadd1
    daddsub_clz.o(x$fpl$drsb) refers to daddsub_clz.o(x$fpl$dsub) for _dsub1
    daddsub_clz.o(x$fpl$dsub) refers (Special) to usenofp.o(x$fpl$usenofp) for __I$use$fp
    daddsub_clz.o(x$fpl$dsub) refers to daddsub_clz.o(x$fpl$dadd) for _dadd1
    daddsub_clz.o(x$fpl$dsub) refers to dnaninf.o(x$fpl$dnaninf) for __fpl_dnaninf
    __rtentry2.o(.ARM.Collect$$rtentry$$00000008) refers to boardinit2.o(.text) for _platform_post_stackheap_init
    __rtentry2.o(.ARM.Collect$$rtentry$$0000000A) refers to libinit.o(.ARM.Collect$$libinit$$00000000) for __rt_lib_init
    __rtentry2.o(.ARM.Collect$$rtentry$$0000000B) refers to boardinit3.o(.text) for _platform_post_lib_init
    __rtentry2.o(.ARM.Collect$$rtentry$$0000000D) refers to lto-llvm-10048f.o(.text.main) for main
    __rtentry2.o(.ARM.Collect$$rtentry$$0000000D) refers to exit.o(.text) for exit
    __rtentry2.o(.ARM.exidx) refers to __rtentry2.o(.ARM.Collect$$rtentry$$00000001) for .ARM.Collect$$rtentry$$00000001
    __rtentry2.o(.ARM.exidx) refers to __rtentry2.o(.ARM.Collect$$rtentry$$00000008) for .ARM.Collect$$rtentry$$00000008
[...]
    sys_command_hlt.o(.text) refers (Special) to indicate_semi.o(.text) for __semihosting_library_function
    defsig_rtmem_outer.o(.text) refers to defsig_rtmem_inner.o(.text) for __rt_SIGRTMEM_inner
    defsig_rtmem_outer.o(.text) refers to defsig_exit.o(.text) for __sig_exit
    defsig_rtmem_formal.o(.text) refers to rt_raise.o(.text) for __rt_raise
    rt_raise.o(.text) refers to __raise.o(.text) for __raise
    rt_raise.o(.text) refers to sys_exit.o(.text) for _sys_exit
    defsig_exit.o(.text) refers to sys_exit.o(.text) for _sys_exit
    defsig_rtmem_inner.o(.text) refers to defsig_general.o(.text) for __default_signal_display
    __raise.o(.text) refers to defsig.o(CL$$defsig) for __default_signal_handler
    defsig_general.o(.text) refers to sys_wrch.o(.text) for _ttywrch
    sys_wrch.o(.text) refers (Special) to use_no_semi.o(.text) for __I$use$semihosting
    sys_wrch.o(.text) refers (Special) to indicate_semi.o(.text) for __semihosting_library_function
    sys_wrch_hlt.o(.text) refers (Special) to use_no_semi.o(.text) for __I$use$semihosting
    sys_wrch_hlt.o(.text) refers (Special) to indicate_semi.o(.text) for __semihosting_library_function
    defsig.o(CL$$defsig) refers to defsig_fpe_inner.o(.text) for __rt_SIGFPE_inner
    defsig.o(CL$$defsig) refers to defsig_rtmem_inner.o(.text) for __rt_SIGRTMEM_inner
    defsig_abrt_inner.o(.text) refers to defsig_general.o(.text) for __default_signal_display
    defsig_fpe_inner.o(.text) refers to defsig_general.o(.text) for __default_signal_display
    defsig_rtred_inner.o(.text) refers to defsig_general.o(.text) for __default_signal_display
    defsig_stak_inner.o(.text) refers to defsig_general.o(.text) for __default_signal_display
    defsig_pvfn_inner.o(.text) refers to defsig_general.o(.text) for __default_signal_display
    defsig_cppl_inner.o(.text) refers to defsig_general.o(.text) for __default_signal_display
    defsig_segv_inner.o(.text) refers to defsig_general.o(.text) for __default_signal_display
    defsig_other.o(.text) refers to defsig_general.o(.text) for __default_signal_display
    lto-llvm-10048f.o(.text.main) refers to lto-llvm-10048f.o(.rodata.cst16) for AHBPrescTable
    lto-llvm-10048f.o(.text.main) refers to lto-llvm-10048f.o(.data) for .L_MergedGlobals
    lto-llvm-10048f.o(.text.main) refers to lto-llvm-10048f.o(.bss) for .L_MergedGlobals.124
    lto-llvm-10048f.o(.text.main) refers to lto-llvm-10048f.o(.text.HAL_UART_MspInit) for HAL_UART_MspInit
    lto-llvm-10048f.o(.text.main) refers to lto-llvm-10048f.o(.text.HAL_RCCEx_GetPeriphCLKFreq) for HAL_RCCEx_GetPeriphCLKFreq
    lto-llvm-10048f.o(.text.main) refers to lto-llvm-10048f.o(.rodata) for UARTPrescTable
    lto-llvm-10048f.o(.text.main) refers to lludivv7m.o(.text) for __aeabi_uldivmod
    lto-llvm-10048f.o(.text.main) refers to lto-llvm-10048f.o(.rodata.cst8) for UARTEx_SetNbDataToProcess.numerator
    lto-llvm-10048f.o(.text.main) refers to lto-llvm-10048f.o(.text.ee_printf) for ee_printf
    lto-llvm-10048f.o(.text.main) refers to lto-llvm-10048f.o(.rodata.cst32) for .Lswitch.table.core_init_state.16
    lto-llvm-10048f.o(.text.main) refers to rt_memclr.o(.text) for __aeabi_memclr
    lto-llvm-10048f.o(.text.main) refers to lto-llvm-10048f.o(.text.core_bench_list) for core_bench_list
    lto-llvm-10048f.o(.text.main) refers to lto-llvm-10048f.o(.text.crcu16) for crcu16
    lto-llvm-10048f.o(.text.main) refers to dflt_clz.o(x$fpl$dfltu) for __aeabi_ui2d
    lto-llvm-10048f.o(.text.main) refers to ddiv.o(x$fpl$ddiv) for __aeabi_ddiv
    lto-llvm-10048f.o(.text.main) refers to dcmp.o(x$fpl$fcmp) for __aeabi_dcmpge
    lto-llvm-10048f.o(.text.main) refers to dfixu.o(x$fpl$dfixu) for __aeabi_d2uiz
    lto-llvm-10048f.o(.text.main) refers to lto-llvm-10048f.o(.text.crc16) for crc16
    lto-llvm-10048f.o(.text.main) refers to lto-llvm-10048f.o(.rodata.str1.1) for .L.str.4
    lto-llvm-10048f.o(.text.main) refers to dmul.o(x$fpl$dmul) for __aeabi_dmul
    lto-llvm-10048f.o(.ARM.exidx.text.main) refers to lto-llvm-10048f.o(.text.main) for [Anonymous Symbol]
    lto-llvm-10048f.o(.ARM.exidx.text.NMI_Handler) refers to lto-llvm-10048f.o(.text.NMI_Handler) for [Anonymous Symbol]
    lto-llvm-10048f.o(.ARM.exidx.text.HardFault_Handler) refers to lto-llvm-10048f.o(.text.HardFault_Handler) for [Anonymous Symbol]
    lto-llvm-10048f.o(.ARM.exidx.text.MemManage_Handler) refers to lto-llvm-10048f.o(.text.MemManage_Handler) for [Anonymous Symbol]
    lto-llvm-10048f.o(.ARM.exidx.text.BusFault_Handler) refers to lto-llvm-10048f.o(.text.BusFault_Handler) for [Anonymous Symbol]
    lto-llvm-10048f.o(.ARM.exidx.text.UsageFault_Handler) refers to lto-llvm-10048f.o(.text.UsageFault_Handler) for [Anonymous Symbol]
    lto-llvm-10048f.o(.ARM.exidx.text.SVC_Handler) refers to lto-llvm-10048f.o(.text.SVC_Handler) for [Anonymous Symbol]
    lto-llvm-10048f.o(.ARM.exidx.text.DebugMon_Handler) refers to lto-llvm-10048f.o(.text.DebugMon_Handler) for [Anonymous Symbol]
    lto-llvm-10048f.o(.ARM.exidx.text.PendSV_Handler) refers to lto-llvm-10048f.o(.text.PendSV_Handler) for [Anonymous Symbol]
    lto-llvm-10048f.o(.text.SysTick_Handler) refers to lto-llvm-10048f.o(.bss) for .L_MergedGlobals.124
    lto-llvm-10048f.o(.ARM.exidx.text.SysTick_Handler) refers to lto-llvm-10048f.o(.text.SysTick_Handler) for [Anonymous Symbol]
    lto-llvm-10048f.o(.text.HAL_UART_MspInit) refers to rt_memclr_w.o(.text) for __aeabi_memclr8
    lto-llvm-10048f.o(.text.HAL_UART_MspInit) refers to lto-llvm-10048f.o(.text.HAL_RCCEx_PeriphCLKConfig) for HAL_RCCEx_PeriphCLKConfig
    lto-llvm-10048f.o(.ARM.exidx.text.HAL_UART_MspInit) refers to lto-llvm-10048f.o(.text.HAL_UART_MspInit) for [Anonymous Symbol]
    lto-llvm-10048f.o(.ARM.exidx.text.crcu16) refers to lto-llvm-10048f.o(.text.crcu16) for [Anonymous Symbol]
    lto-llvm-10048f.o(.ARM.exidx.text.crcu32) refers to lto-llvm-10048f.o(.text.crcu32) for [Anonymous Symbol]
    lto-llvm-10048f.o(.ARM.exidx.text.crc16) refers to lto-llvm-10048f.o(.text.crc16) for [Anonymous Symbol]
    lto-llvm-10048f.o(.text.core_bench_matrix) refers to lto-llvm-10048f.o(.text.crc16) for crc16
    lto-llvm-10048f.o(.ARM.exidx.text.core_bench_matrix) refers to lto-llvm-10048f.o(.text.core_bench_matrix) for [Anonymous Symbol]
    lto-llvm-10048f.o(.text.core_bench_state) refers to lto-llvm-10048f.o(.text.crcu32) for crcu32
    lto-llvm-10048f.o(.ARM.exidx.text.core_bench_state) refers to lto-llvm-10048f.o(.text.core_bench_state) for [Anonymous Symbol]
    lto-llvm-10048f.o(.text.core_bench_list) refers to lto-llvm-10048f.o(.text.core_bench_state) for core_bench_state
    lto-llvm-10048f.o(.text.core_bench_list) refers to lto-llvm-10048f.o(.text.core_bench_matrix) for core_bench_matrix
    lto-llvm-10048f.o(.text.core_bench_list) refers to lto-llvm-10048f.o(.text.crcu16) for crcu16
    lto-llvm-10048f.o(.text.core_bench_list) refers to lto-llvm-10048f.o(.text.crc16) for crc16
    lto-llvm-10048f.o(.ARM.exidx.text.core_bench_list) refers to lto-llvm-10048f.o(.text.core_bench_list) for [Anonymous Symbol]
    lto-llvm-10048f.o(.text.ee_printf) refers to lto-llvm-10048f.o(.rodata.str1.1) for .L.str.2.70
    lto-llvm-10048f.o(.text.ee_printf) refers to aeabi_memset.o(.text) for __aeabi_memset
    lto-llvm-10048f.o(.text.ee_printf) refers to dcmp.o(x$fpl$fcmp) for __aeabi_dcmpge
    lto-llvm-10048f.o(.text.ee_printf) refers to modf.o(i.__hardfp_modf) for __hardfp_modf
    lto-llvm-10048f.o(.text.ee_printf) refers to dmul.o(x$fpl$dmul) for __aeabi_dmul
    lto-llvm-10048f.o(.text.ee_printf) refers to daddsub_clz.o(x$fpl$dadd) for __aeabi_dadd
    lto-llvm-10048f.o(.text.ee_printf) refers to dfix.o(x$fpl$dfix) for __aeabi_d2iz
    lto-llvm-10048f.o(.text.ee_printf) refers to lto-llvm-10048f.o(.bss) for huart3
    lto-llvm-10048f.o(.text.ee_printf) refers to lto-llvm-10048f.o(.text.UART_WaitOnFlagUntilTimeout) for UART_WaitOnFlagUntilTimeout
    lto-llvm-10048f.o(.ARM.exidx.text.ee_printf) refers to lto-llvm-10048f.o(.text.ee_printf) for [Anonymous Symbol]
    lto-llvm-10048f.o(.text.HAL_RCC_GetPCLK1Freq) refers to lto-llvm-10048f.o(.rodata.cst16) for AHBPrescTable
    lto-llvm-10048f.o(.text.HAL_RCC_GetPCLK1Freq) refers to lto-llvm-10048f.o(.data) for .L_MergedGlobals
    lto-llvm-10048f.o(.text.HAL_RCC_GetPCLK1Freq) refers to lto-llvm-10048f.o(.rodata.cst8) for APBPrescTable
    lto-llvm-10048f.o(.ARM.exidx.text.HAL_RCC_GetPCLK1Freq) refers to lto-llvm-10048f.o(.text.HAL_RCC_GetPCLK1Freq) for [Anonymous Symbol]
    lto-llvm-10048f.o(.text.HAL_RCCEx_PeriphCLKConfig) refers to lto-llvm-10048f.o(.bss) for .L_MergedGlobals.124
    lto-llvm-10048f.o(.ARM.exidx.text.HAL_RCCEx_PeriphCLKConfig) refers to lto-llvm-10048f.o(.text.HAL_RCCEx_PeriphCLKConfig) for [Anonymous Symbol]
    lto-llvm-10048f.o(.text.HAL_RCCEx_GetPeriphCLKFreq) refers to lto-llvm-10048f.o(.text.HAL_RCC_GetPCLK1Freq) for HAL_RCC_GetPCLK1Freq
    lto-llvm-10048f.o(.text.HAL_RCCEx_GetPeriphCLKFreq) refers to lto-llvm-10048f.o(.rodata.cst16) for AHBPrescTable
    lto-llvm-10048f.o(.text.HAL_RCCEx_GetPeriphCLKFreq) refers to lto-llvm-10048f.o(.data) for .L_MergedGlobals
    lto-llvm-10048f.o(.text.HAL_RCCEx_GetPeriphCLKFreq) refers to lto-llvm-10048f.o(.rodata.cst8) for APBPrescTable
    lto-llvm-10048f.o(.ARM.exidx.text.HAL_RCCEx_GetPeriphCLKFreq) refers to lto-llvm-10048f.o(.text.HAL_RCCEx_GetPeriphCLKFreq) for [Anonymous Symbol]
    lto-llvm-10048f.o(.text.UART_WaitOnFlagUntilTimeout) refers to lto-llvm-10048f.o(.bss) for huart3
    lto-llvm-10048f.o(.ARM.exidx.text.UART_WaitOnFlagUntilTimeout) refers to lto-llvm-10048f.o(.text.UART_WaitOnFlagUntilTimeout) for [Anonymous Symbol]
    lto-llvm-10048f.o(.ARM.exidx.text.SystemInit) refers to lto-llvm-10048f.o(.text.SystemInit) for [Anonymous Symbol]
    lto-llvm-10048f.o(.rodata) refers to lto-llvm-10048f.o(.rodata.str1.1) for [Anonymous Symbol]
    aeabi_memset.o(.text) refers to rt_memclr.o(.text) for _memset
    rt_memclr.o(.text) refers to rt_memclr_w.o(.text) for _memset_w
    dcmp.o(x$fpl$fcmp) refers (Special) to usenofp.o(x$fpl$usenofp) for __I$use$fp
    dcmp.o(x$fpl$fcmp) refers to deqf.o(x$fpl$deqf) for _dcmpeq
    dcmp.o(x$fpl$fcmp) refers to dgeqf.o(x$fpl$dgeqf) for _dcmpge
    dcmp.o(x$fpl$fcmp) refers to dleqf.o(x$fpl$dleqf) for _dcmple
    ddiv.o(x$fpl$drdiv) refers (Special) to usenofp.o(x$fpl$usenofp) for __I$use$fp
    ddiv.o(x$fpl$drdiv) refers to ddiv.o(x$fpl$ddiv) for ddiv_entry
    ddiv.o(x$fpl$ddiv) refers (Special) to usenofp.o(x$fpl$usenofp) for __I$use$fp
    ddiv.o(x$fpl$ddiv) refers to dretinf.o(x$fpl$dretinf) for __fpl_dretinf
    ddiv.o(x$fpl$ddiv) refers to dnaninf.o(x$fpl$dnaninf) for __fpl_dnaninf
    dfix.o(x$fpl$dfix) refers (Special) to usenofp.o(x$fpl$usenofp) for __I$use$fp
    dfix.o(x$fpl$dfix) refers to dnaninf.o(x$fpl$dnaninf) for __fpl_dnaninf
    dfix.o(x$fpl$dfixr) refers (Special) to usenofp.o(x$fpl$usenofp) for __I$use$fp
    dfix.o(x$fpl$dfixr) refers to dnaninf.o(x$fpl$dnaninf) for __fpl_dnaninf
    dfixu.o(x$fpl$dfixu) refers (Special) to usenofp.o(x$fpl$usenofp) for __I$use$fp
    dfixu.o(x$fpl$dfixu) refers to dnaninf.o(x$fpl$dnaninf) for __fpl_dnaninf
    dfixu.o(x$fpl$dfixur) refers (Special) to usenofp.o(x$fpl$usenofp) for __I$use$fp
    dfixu.o(x$fpl$dfixur) refers to dnaninf.o(x$fpl$dnaninf) for __fpl_dnaninf
    dflt_clz.o(x$fpl$dfltu) refers (Special) to usenofp.o(x$fpl$usenofp) for __I$use$fp
    dflt_clz.o(x$fpl$dflt) refers (Special) to usenofp.o(x$fpl$usenofp) for __I$use$fp
    dflt_clz.o(x$fpl$dfltn) refers (Special) to usenofp.o(x$fpl$usenofp) for __I$use$fp
    dmul.o(x$fpl$dmul) refers (Special) to usenofp.o(x$fpl$usenofp) for __I$use$fp
    dmul.o(x$fpl$dmul) refers to dretinf.o(x$fpl$dretinf) for __fpl_dretinf
    dmul.o(x$fpl$dmul) refers to dnaninf.o(x$fpl$dnaninf) for __fpl_dnaninf
    aeabi_ldiv0_sigfpe.o(.text) refers to rt_div0.o(.text) for __rt_div0
    deqf.o(x$fpl$deqf) refers (Special) to usenofp.o(x$fpl$usenofp) for __I$use$fp
    deqf.o(x$fpl$deqf) refers to dnaninf.o(x$fpl$dnaninf) for __fpl_dnaninf
    deqf.o(x$fpl$deqf) refers to dcmpi.o(x$fpl$dcmpinf) for __fpl_dcmp_Inf
    dgeqf.o(x$fpl$dgeqf) refers (Special) to usenofp.o(x$fpl$usenofp) for __I$use$fp
    dgeqf.o(x$fpl$dgeqf) refers to dnaninf.o(x$fpl$dnaninf) for __fpl_dnaninf
    dgeqf.o(x$fpl$dgeqf) refers to dcmpi.o(x$fpl$dcmpinf) for __fpl_dcmp_Inf
    dleqf.o(x$fpl$dleqf) refers (Special) to usenofp.o(x$fpl$usenofp) for __I$use$fp
    dleqf.o(x$fpl$dleqf) refers to dnaninf.o(x$fpl$dnaninf) for __fpl_dnaninf
    dleqf.o(x$fpl$dleqf) refers to dcmpi.o(x$fpl$dcmpinf) for __fpl_dcmp_Inf
    rt_div0.o(.text) refers to defsig_fpe_outer.o(.text) for __rt_SIGFPE
    dcmpi.o(x$fpl$dcmpinf) refers (Special) to usenofp.o(x$fpl$usenofp) for __I$use$fp
    defsig_fpe_outer.o(.text) refers to defsig_fpe_inner.o(.text) for __rt_SIGFPE_inner
    defsig_fpe_outer.o(.text) refers to defsig_exit.o(.text) for __sig_exit
    defsig_fpe_formal.o(.text) refers to rt_raise.o(.text) for __rt_raise


==============================================================================

Removing Unused input sections from the image.

    Removing lto-llvm-10048f.o(.text), (0 bytes).
    Removing lto-llvm-10048f.o(.ARM.exidx.text.main), (8 bytes).
    Removing lto-llvm-10048f.o(.ARM.exidx.text.NMI_Handler), (8 bytes).
    Removing lto-llvm-10048f.o(.ARM.exidx.text.HardFault_Handler), (8 bytes).
    Removing lto-llvm-10048f.o(.ARM.exidx.text.MemManage_Handler), (8 bytes).
    Removing lto-llvm-10048f.o(.ARM.exidx.text.BusFault_Handler), (8 bytes).
    Removing lto-llvm-10048f.o(.ARM.exidx.text.UsageFault_Handler), (8 bytes).
    Removing lto-llvm-10048f.o(.ARM.exidx.text.SVC_Handler), (8 bytes).
    Removing lto-llvm-10048f.o(.ARM.exidx.text.DebugMon_Handler), (8 bytes).
    Removing lto-llvm-10048f.o(.ARM.exidx.text.PendSV_Handler), (8 bytes).
    Removing lto-llvm-10048f.o(.ARM.exidx.text.SysTick_Handler), (8 bytes).
    Removing lto-llvm-10048f.o(.ARM.exidx.text.HAL_UART_MspInit), (8 bytes).
    Removing lto-llvm-10048f.o(.ARM.exidx.text.crcu16), (8 bytes).
    Removing lto-llvm-10048f.o(.ARM.exidx.text.crcu32), (8 bytes).
    Removing lto-llvm-10048f.o(.ARM.exidx.text.crc16), (8 bytes).
    Removing lto-llvm-10048f.o(.ARM.exidx.text.core_bench_matrix), (8 bytes).
    Removing lto-llvm-10048f.o(.ARM.exidx.text.core_bench_state), (8 bytes).
    Removing lto-llvm-10048f.o(.ARM.exidx.text.core_bench_list), (8 bytes).
    Removing lto-llvm-10048f.o(.ARM.exidx.text.ee_printf), (8 bytes).
    Removing lto-llvm-10048f.o(.ARM.exidx.text.HAL_RCC_GetPCLK1Freq), (8 bytes).
    Removing lto-llvm-10048f.o(.ARM.exidx.text.HAL_RCCEx_PeriphCLKConfig), (8 bytes).
    Removing lto-llvm-10048f.o(.ARM.exidx.text.HAL_RCCEx_GetPeriphCLKFreq), (8 bytes).
    Removing lto-llvm-10048f.o(.ARM.exidx.text.UART_WaitOnFlagUntilTimeout), (8 bytes).
    Removing lto-llvm-10048f.o(.ARM.exidx.text.SystemInit), (8 bytes).
    Removing lto-llvm-10048f.o(.ARM.use_no_argv), (4 bytes).

25 unused section(s) (total 188 bytes) removed from the image.

==============================================================================

Image Symbol Table

    Local Symbols

    Symbol Name                              Value     Ov Type        Size  Object(Section)

    ../clib/angel/boardlib.s                 0x00000000   Number         0  boardinit1.o ABSOLUTE
    ../clib/angel/boardlib.s                 0x00000000   Number         0  boardinit2.o ABSOLUTE
    ../clib/angel/boardlib.s                 0x00000000   Number         0  boardinit3.o ABSOLUTE
    ../clib/angel/boardlib.s                 0x00000000   Number         0  boardshut.o ABSOLUTE
    ../clib/angel/handlers.s                 0x00000000   Number         0  __scatter_copy.o ABSOLUTE
    ../clib/angel/handlers.s                 0x00000000   Number         0  __scatter_zi.o ABSOLUTE
    ../clib/angel/kernel.s                   0x00000000   Number         0  __rtentry.o ABSOLUTE
    ../clib/angel/kernel.s                   0x00000000   Number         0  __rtentry2.o ABSOLUTE
    ../clib/angel/kernel.s                   0x00000000   Number         0  __rtentry4.o ABSOLUTE
    ../clib/angel/kernel.s                   0x00000000   Number         0  rtexit.o ABSOLUTE
    ../clib/angel/kernel.s                   0x00000000   Number         0  rtexit2.o ABSOLUTE
    ../clib/angel/rt.s                       0x00000000   Number         0  rt_raise.o ABSOLUTE
    ../clib/angel/rt.s                       0x00000000   Number         0  aeabi_ldiv0.o ABSOLUTE
    ../clib/angel/rt.s                       0x00000000   Number         0  aeabi_ldiv0_sigfpe.o ABSOLUTE
    ../clib/angel/rt.s                       0x00000000   Number         0  rt_div0.o ABSOLUTE
    ../clib/angel/scatter.s                  0x00000000   Number         0  __scatter.o ABSOLUTE
    ../clib/angel/startup.s                  0x00000000   Number         0  __main.o ABSOLUTE
    ../clib/angel/sys.s                      0x00000000   Number         0  sys_stackheap_outer.o ABSOLUTE
    ../clib/angel/sys.s                      0x00000000   Number         0  libspace.o ABSOLUTE
    ../clib/angel/sys.s                      0x00000000   Number         0  use_no_semi.o ABSOLUTE
    ../clib/angel/sys.s                      0x00000000   Number         0  indicate_semi.o ABSOLUTE
    ../clib/angel/sysapp.c                   0x00000000   Number         0  sys_exit.o ABSOLUTE
    ../clib/angel/sysapp.c                   0x00000000   Number         0  sys_exit_hlt.o ABSOLUTE
    ../clib/angel/sysapp.c                   0x00000000   Number         0  sys_command.o ABSOLUTE
    ../clib/angel/sysapp.c                   0x00000000   Number         0  sys_command_hlt.o ABSOLUTE
    ../clib/angel/sysapp.c                   0x00000000   Number         0  sys_wrch.o ABSOLUTE
    ../clib/angel/sysapp.c                   0x00000000   Number         0  sys_wrch_hlt.o ABSOLUTE
    ../clib/armsys.c                         0x00000000   Number         0  argv_veneer.o ABSOLUTE
    ../clib/armsys.c                         0x00000000   Number         0  argv_veneer.o ABSOLUTE
    ../clib/armsys.c                         0x00000000   Number         0  _get_argv_nomalloc.o ABSOLUTE
    ../clib/armsys.c                         0x00000000   Number         0  no_argv.o ABSOLUTE
    ../clib/heapalloc.c                      0x00000000   Number         0  hrguard.o ABSOLUTE
    ../clib/heapaux.c                        0x00000000   Number         0  heapauxi.o ABSOLUTE
    ../clib/libinit.s                        0x00000000   Number         0  libinit.o ABSOLUTE
    ../clib/libinit.s                        0x00000000   Number         0  libinit2.o ABSOLUTE
    ../clib/libinit.s                        0x00000000   Number         0  libshutdown.o ABSOLUTE
    ../clib/libinit.s                        0x00000000   Number         0  libshutdown2.o ABSOLUTE
    ../clib/longlong.s                       0x00000000   Number         0  lludivv7m.o ABSOLUTE
    ../clib/memcpset.s                       0x00000000   Number         0  aeabi_memset.o ABSOLUTE
    ../clib/memcpset.s                       0x00000000   Number         0  rt_memclr.o ABSOLUTE
    ../clib/memcpset.s                       0x00000000   Number         0  rt_memclr_w.o ABSOLUTE
    ../clib/signal.c                         0x00000000   Number         0  defsig_rtmem_outer.o ABSOLUTE
    ../clib/signal.c                         0x00000000   Number         0  defsig_rtmem_formal.o ABSOLUTE
    ../clib/signal.c                         0x00000000   Number         0  defsig_exit.o ABSOLUTE
    ../clib/signal.c                         0x00000000   Number         0  defsig_rtmem_inner.o ABSOLUTE
    ../clib/signal.c                         0x00000000   Number         0  __raise.o ABSOLUTE
    ../clib/signal.c                         0x00000000   Number         0  defsig_general.o ABSOLUTE
    ../clib/signal.c                         0x00000000   Number         0  defsig_abrt_inner.o ABSOLUTE
    ../clib/signal.c                         0x00000000   Number         0  defsig_fpe_inner.o ABSOLUTE
    ../clib/signal.c                         0x00000000   Number         0  defsig_rtred_inner.o ABSOLUTE
    ../clib/signal.c                         0x00000000   Number         0  defsig_stak_inner.o ABSOLUTE
    ../clib/signal.c                         0x00000000   Number         0  defsig_pvfn_inner.o ABSOLUTE
    ../clib/signal.c                         0x00000000   Number         0  defsig_cppl_inner.o ABSOLUTE
    ../clib/signal.c                         0x00000000   Number         0  defsig_segv_inner.o ABSOLUTE
    ../clib/signal.c                         0x00000000   Number         0  defsig_other.o ABSOLUTE
    ../clib/signal.c                         0x00000000   Number         0  defsig_fpe_outer.o ABSOLUTE
    ../clib/signal.c                         0x00000000   Number         0  defsig_fpe_formal.o ABSOLUTE
    ../clib/signal.s                         0x00000000   Number         0  defsig.o ABSOLUTE
    ../clib/stdlib.c                         0x00000000   Number         0  exit.o ABSOLUTE
    ../fplib/daddsub.s                       0x00000000   Number         0  daddsub_clz.o ABSOLUTE
    ../fplib/dcmp.s                          0x00000000   Number         0  dcmp.o ABSOLUTE
    ../fplib/dcmpi.s                         0x00000000   Number         0  dcmpi.o ABSOLUTE
    ../fplib/ddiv.s                          0x00000000   Number         0  ddiv.o ABSOLUTE
    ../fplib/deqf.s                          0x00000000   Number         0  deqf.o ABSOLUTE
    ../fplib/dfix.s                          0x00000000   Number         0  dfix.o ABSOLUTE
    ../fplib/dfixu.s                         0x00000000   Number         0  dfixu.o ABSOLUTE
    ../fplib/dflt.s                          0x00000000   Number         0  dflt_clz.o ABSOLUTE
    ../fplib/dgeqf.s                         0x00000000   Number         0  dgeqf.o ABSOLUTE
    ../fplib/dleqf.s                         0x00000000   Number         0  dleqf.o ABSOLUTE
    ../fplib/dmul.s                          0x00000000   Number         0  dmul.o ABSOLUTE
    ../fplib/dnaninf.s                       0x00000000   Number         0  dnaninf.o ABSOLUTE
    ../fplib/dretinf.s                       0x00000000   Number         0  dretinf.o ABSOLUTE
    ../fplib/fpinit.s                        0x00000000   Number         0  fpinit.o ABSOLUTE
    ../fplib/usenofp.s                       0x00000000   Number         0  usenofp.o ABSOLUTE
    ../mathlib/modf.c                        0x00000000   Number         0  modf.o ABSOLUTE
    dc.s                                     0x00000000   Number         0  dc.o ABSOLUTE
    ld-temp.o                                0x00000000   Number         0  lto-llvm-10048f.o ABSOLUTE
    startup_stm32h563xx.s                    0x00000000   Number         0  startup_stm32h563xx.o ABSOLUTE
    RESET                                    0x08000000   Section      588  startup_stm32h563xx.o(RESET)
    !!!main                                  0x0800024c   Section        8  __main.o(!!!main)
    !!!scatter                               0x08000254   Section       52  __scatter.o(!!!scatter)
    !!handler_copy                           0x08000288   Section       26  __scatter_copy.o(!!handler_copy)
    !!handler_zi                             0x080002a4   Section       28  __scatter_zi.o(!!handler_zi)
    .ARM.Collect$$libinit$$00000000          0x080002c0   Section        2  libinit.o(.ARM.Collect$$libinit$$00000000)
    .ARM.Collect$$libinit$$00000001          0x080002c2   Section        4  libinit2.o(.ARM.Collect$$libinit$$00000001)
    .ARM.Collect$$libinit$$00000004          0x080002c6   Section        0  libinit2.o(.ARM.Collect$$libinit$$00000004)
    .ARM.Collect$$libinit$$0000000A          0x080002c6   Section        0  libinit2.o(.ARM.Collect$$libinit$$0000000A)
    .ARM.Collect$$libinit$$0000000C          0x080002c6   Section        0  libinit2.o(.ARM.Collect$$libinit$$0000000C)
    .ARM.Collect$$libinit$$0000000E          0x080002c6   Section        0  libinit2.o(.ARM.Collect$$libinit$$0000000E)
    .ARM.Collect$$libinit$$00000011          0x080002c6   Section        0  libinit2.o(.ARM.Collect$$libinit$$00000011)
    .ARM.Collect$$libinit$$00000013          0x080002c6   Section        0  libinit2.o(.ARM.Collect$$libinit$$00000013)
    .ARM.Collect$$libinit$$00000015          0x080002c6   Section        0  libinit2.o(.ARM.Collect$$libinit$$00000015)
    .ARM.Collect$$libinit$$00000017          0x080002c6   Section        0  libinit2.o(.ARM.Collect$$libinit$$00000017)
    .ARM.Collect$$libinit$$00000019          0x080002c6   Section        0  libinit2.o(.ARM.Collect$$libinit$$00000019)
    .ARM.Collect$$libinit$$0000001B          0x080002c6   Section        0  libinit2.o(.ARM.Collect$$libinit$$0000001B)
    .ARM.Collect$$libinit$$0000001D          0x080002c6   Section        0  libinit2.o(.ARM.Collect$$libinit$$0000001D)
    .ARM.Collect$$libinit$$0000001F          0x080002c6   Section        0  libinit2.o(.ARM.Collect$$libinit$$0000001F)
    .ARM.Collect$$libinit$$00000021          0x080002c6   Section        0  libinit2.o(.ARM.Collect$$libinit$$00000021)
    .ARM.Collect$$libinit$$00000023          0x080002c6   Section        0  libinit2.o(.ARM.Collect$$libinit$$00000023)
    .ARM.Collect$$libinit$$00000025          0x080002c6   Section        0  libinit2.o(.ARM.Collect$$libinit$$00000025)
    .ARM.Collect$$libinit$$0000002C          0x080002c6   Section        0  libinit2.o(.ARM.Collect$$libinit$$0000002C)
    .ARM.Collect$$libinit$$0000002E          0x080002c6   Section        0  libinit2.o(.ARM.Collect$$libinit$$0000002E)
    .ARM.Collect$$libinit$$00000030          0x080002c6   Section        0  libinit2.o(.ARM.Collect$$libinit$$00000030)
    .ARM.Collect$$libinit$$00000032          0x080002c6   Section        0  libinit2.o(.ARM.Collect$$libinit$$00000032)
    .ARM.Collect$$libinit$$00000033          0x080002c6   Section        2  libinit2.o(.ARM.Collect$$libinit$$00000033)
    .ARM.Collect$$libshutdown$$00000000      0x080002c8   Section        2  libshutdown.o(.ARM.Collect$$libshutdown$$00000000)
    .ARM.Collect$$libshutdown$$00000002      0x080002ca   Section        0  libshutdown2.o(.ARM.Collect$$libshutdown$$00000002)
    .ARM.Collect$$libshutdown$$00000004      0x080002ca   Section        0  libshutdown2.o(.ARM.Collect$$libshutdown$$00000004)
    .ARM.Collect$$libshutdown$$00000007      0x080002ca   Section        0  libshutdown2.o(.ARM.Collect$$libshutdown$$00000007)
    .ARM.Collect$$libshutdown$$0000000A      0x080002ca   Section        0  libshutdown2.o(.ARM.Collect$$libshutdown$$0000000A)
    .ARM.Collect$$libshutdown$$0000000C      0x080002ca   Section        0  libshutdown2.o(.ARM.Collect$$libshutdown$$0000000C)
    .ARM.Collect$$libshutdown$$0000000F      0x080002ca   Section        0  libshutdown2.o(.ARM.Collect$$libshutdown$$0000000F)
    .ARM.Collect$$libshutdown$$00000010      0x080002ca   Section        2  libshutdown2.o(.ARM.Collect$$libshutdown$$00000010)
    .ARM.Collect$$rtentry$$00000000          0x080002cc   Section        0  __rtentry.o(.ARM.Collect$$rtentry$$00000000)
    .ARM.Collect$$rtentry$$00000002          0x080002cc   Section        0  __rtentry2.o(.ARM.Collect$$rtentry$$00000002)
    .ARM.Collect$$rtentry$$00000004          0x080002cc   Section        6  __rtentry4.o(.ARM.Collect$$rtentry$$00000004)
    .ARM.Collect$$rtentry$$00000009          0x080002d2   Section        0  __rtentry2.o(.ARM.Collect$$rtentry$$00000009)
    .ARM.Collect$$rtentry$$0000000A          0x080002d2   Section        4  __rtentry2.o(.ARM.Collect$$rtentry$$0000000A)
    .ARM.Collect$$rtentry$$0000000C          0x080002d6   Section        0  __rtentry2.o(.ARM.Collect$$rtentry$$0000000C)
    .ARM.Collect$$rtentry$$0000000D          0x080002d6   Section        8  __rtentry2.o(.ARM.Collect$$rtentry$$0000000D)
    .ARM.Collect$$rtexit$$00000000           0x080002de   Section        2  rtexit.o(.ARM.Collect$$rtexit$$00000000)
    .ARM.Collect$$rtexit$$00000002           0x080002e0   Section        0  rtexit2.o(.ARM.Collect$$rtexit$$00000002)
    .ARM.Collect$$rtexit$$00000003           0x080002e0   Section        4  rtexit2.o(.ARM.Collect$$rtexit$$00000003)
    .ARM.Collect$$rtexit$$00000004           0x080002e4   Section        6  rtexit2.o(.ARM.Collect$$rtexit$$00000004)
    $v0                                      0x080002ec   Number         0  startup_stm32h563xx.o(.text)
    .text                                    0x080002ec   Section       68  startup_stm32h563xx.o(.text)
    .text                                    0x08000330   Section        0  heapauxi.o(.text)
    .text                                    0x08000336   Section       74  sys_stackheap_outer.o(.text)
    .text                                    0x08000380   Section        0  exit.o(.text)
    .text                                    0x08000394   Section        8  libspace.o(.text)
    .text                                    0x0800039c   Section        0  sys_exit.o(.text)
    .text                                    0x080003a8   Section        2  use_no_semi.o(.text)
    .text                                    0x080003aa   Section        0  indicate_semi.o(.text)
    .text                                    0x080003aa   Section      240  lludivv7m.o(.text)
    .text                                    0x0800049a   Section       16  aeabi_memset.o(.text)
    .text                                    0x080004aa   Section       68  rt_memclr.o(.text)
    .text                                    0x080004ee   Section       78  rt_memclr_w.o(.text)
    [Anonymous Symbol]                       0x0800053c   Section        0  lto-llvm-10048f.o(.text.BusFault_Handler)
    [Anonymous Symbol]                       0x08000540   Section        0  lto-llvm-10048f.o(.text.DebugMon_Handler)
    HAL_RCCEx_GetPeriphCLKFreq               0x08000545   Thumb Code 10292  lto-llvm-10048f.o(.text.HAL_RCCEx_GetPeriphCLKFreq)
    [Anonymous Symbol]                       0x08000544   Section        0  lto-llvm-10048f.o(.text.HAL_RCCEx_GetPeriphCLKFreq)
    __arm_cp.20_14                           0x08002628   Number         4  lto-llvm-10048f.o(.text.HAL_RCCEx_GetPeriphCLKFreq)
    HAL_RCCEx_PeriphCLKConfig                0x08002d79   Thumb Code 26952  lto-llvm-10048f.o(.text.HAL_RCCEx_PeriphCLKConfig)
    [Anonymous Symbol]                       0x08002d78   Section        0  lto-llvm-10048f.o(.text.HAL_RCCEx_PeriphCLKConfig)
    HAL_RCC_GetPCLK1Freq                     0x080096c1   Thumb Code   472  lto-llvm-10048f.o(.text.HAL_RCC_GetPCLK1Freq)
    [Anonymous Symbol]                       0x080096c0   Section        0  lto-llvm-10048f.o(.text.HAL_RCC_GetPCLK1Freq)
    HAL_UART_MspInit                         0x08009899   Thumb Code   200  lto-llvm-10048f.o(.text.HAL_UART_MspInit)
    [Anonymous Symbol]                       0x08009898   Section        0  lto-llvm-10048f.o(.text.HAL_UART_MspInit)
    [Anonymous Symbol]                       0x08009960   Section        0  lto-llvm-10048f.o(.text.HardFault_Handler)
    [Anonymous Symbol]                       0x08009964   Section        0  lto-llvm-10048f.o(.text.MemManage_Handler)
    [Anonymous Symbol]                       0x08009968   Section        0  lto-llvm-10048f.o(.text.NMI_Handler)
    [Anonymous Symbol]                       0x0800996c   Section        0  lto-llvm-10048f.o(.text.PendSV_Handler)
    [Anonymous Symbol]                       0x08009970   Section        0  lto-llvm-10048f.o(.text.SVC_Handler)
    [Anonymous Symbol]                       0x08009974   Section        0  lto-llvm-10048f.o(.text.SysTick_Handler)
    [Anonymous Symbol]                       0x08009984   Section        0  lto-llvm-10048f.o(.text.SystemInit)
    UART_WaitOnFlagUntilTimeout              0x08009a35   Thumb Code   746  lto-llvm-10048f.o(.text.UART_WaitOnFlagUntilTimeout)
    [Anonymous Symbol]                       0x08009a34   Section        0  lto-llvm-10048f.o(.text.UART_WaitOnFlagUntilTimeout)
    [Anonymous Symbol]                       0x08009d20   Section        0  lto-llvm-10048f.o(.text.UsageFault_Handler)
    core_bench_list                          0x08009d25   Thumb Code  2090  lto-llvm-10048f.o(.text.core_bench_list)
    [Anonymous Symbol]                       0x08009d24   Section        0  lto-llvm-10048f.o(.text.core_bench_list)
    core_bench_matrix                        0x0800a551   Thumb Code  7288  lto-llvm-10048f.o(.text.core_bench_matrix)
    [Anonymous Symbol]                       0x0800a550   Section        0  lto-llvm-10048f.o(.text.core_bench_matrix)
    core_bench_state                         0x0800c1c9   Thumb Code  1564  lto-llvm-10048f.o(.text.core_bench_state)
    [Anonymous Symbol]                       0x0800c1c8   Section        0  lto-llvm-10048f.o(.text.core_bench_state)
    crc16                                    0x0800c7e5   Thumb Code   278  lto-llvm-10048f.o(.text.crc16)
    [Anonymous Symbol]                       0x0800c7e4   Section        0  lto-llvm-10048f.o(.text.crc16)
    crcu16                                   0x0800c8fd   Thumb Code   278  lto-llvm-10048f.o(.text.crcu16)
    [Anonymous Symbol]                       0x0800c8fc   Section        0  lto-llvm-10048f.o(.text.crcu16)
    crcu32                                   0x0800ca15   Thumb Code   538  lto-llvm-10048f.o(.text.crcu32)
    [Anonymous Symbol]                       0x0800ca14   Section        0  lto-llvm-10048f.o(.text.crcu32)
    ee_printf                                0x0800cc31   Thumb Code  6044  lto-llvm-10048f.o(.text.ee_printf)
    [Anonymous Symbol]                       0x0800cc30   Section        0  lto-llvm-10048f.o(.text.ee_printf)
    [Anonymous Symbol]                       0x0800e3d0   Section        0  lto-llvm-10048f.o(.text.main)
    __arm_cp.0_14                            0x0800e770   Number         4  lto-llvm-10048f.o(.text.main)
    __arm_cp.0_15                            0x0800e774   Number         4  lto-llvm-10048f.o(.text.main)
    __arm_cp.0_16                            0x0800e778   Number         4  lto-llvm-10048f.o(.text.main)
    __arm_cp.0_17                            0x0800e77c   Number         4  lto-llvm-10048f.o(.text.main)
    i.__hardfp_modf                          0x08010508   Section        0  modf.o(i.__hardfp_modf)
    $v0                                      0x080105d8   Number         0  daddsub_clz.o(x$fpl$dadd)
    x$fpl$dadd                               0x080105d8   Section      336  daddsub_clz.o(x$fpl$dadd)
    _dadd1                                   0x080105e9   Thumb Code     0  daddsub_clz.o(x$fpl$dadd)
    $v0                                      0x08010728   Number         0  dcmpi.o(x$fpl$dcmpinf)
    x$fpl$dcmpinf                            0x08010728   Section       24  dcmpi.o(x$fpl$dcmpinf)
    $v0                                      0x08010740   Number         0  ddiv.o(x$fpl$ddiv)
    x$fpl$ddiv                               0x08010740   Section      692  ddiv.o(x$fpl$ddiv)
    ddiv_entry                               0x08010747   Thumb Code     0  ddiv.o(x$fpl$ddiv)
    $v0                                      0x080109f4   Number         0  deqf.o(x$fpl$deqf)
    x$fpl$deqf                               0x080109f4   Section      120  deqf.o(x$fpl$deqf)
    $v0                                      0x08010a6c   Number         0  dfix.o(x$fpl$dfix)
    x$fpl$dfix                               0x08010a6c   Section       94  dfix.o(x$fpl$dfix)
    $v0                                      0x08010acc   Number         0  dfixu.o(x$fpl$dfixu)
    x$fpl$dfixu                              0x08010acc   Section       90  dfixu.o(x$fpl$dfixu)
    $v0                                      0x08010b26   Number         0  dflt_clz.o(x$fpl$dfltu)
    x$fpl$dfltu                              0x08010b26   Section       38  dflt_clz.o(x$fpl$dfltu)
    $v0                                      0x08010b4c   Number         0  dgeqf.o(x$fpl$dgeqf)
    x$fpl$dgeqf                              0x08010b4c   Section      120  dgeqf.o(x$fpl$dgeqf)
    $v0                                      0x08010bc4   Number         0  dleqf.o(x$fpl$dleqf)
    x$fpl$dleqf                              0x08010bc4   Section      120  dleqf.o(x$fpl$dleqf)
    $v0                                      0x08010c3c   Number         0  dmul.o(x$fpl$dmul)
    x$fpl$dmul                               0x08010c3c   Section      340  dmul.o(x$fpl$dmul)
    $v0                                      0x08010d90   Number         0  dnaninf.o(x$fpl$dnaninf)
    x$fpl$dnaninf                            0x08010d90   Section      156  dnaninf.o(x$fpl$dnaninf)
    $v0                                      0x08010e2c   Number         0  dretinf.o(x$fpl$dretinf)
    x$fpl$dretinf                            0x08010e2c   Section       12  dretinf.o(x$fpl$dretinf)
    $v0                                      0x08010e38   Number         0  daddsub_clz.o(x$fpl$dsub)
    x$fpl$dsub                               0x08010e38   Section      476  daddsub_clz.o(x$fpl$dsub)
    _dsub1                                   0x08010e49   Thumb Code     0  daddsub_clz.o(x$fpl$dsub)
    $v0                                      0x08011014   Number         0  dcmp.o(x$fpl$fcmp)
    x$fpl$fcmp                               0x08011014   Section       84  dcmp.o(x$fpl$fcmp)
    $v0                                      0x08011068   Number         0  fpinit.o(x$fpl$fpinit)
    x$fpl$fpinit                             0x08011068   Section       26  fpinit.o(x$fpl$fpinit)
    x$fpl$usenofp                            0x08011082   Section        0  usenofp.o(x$fpl$usenofp)
    list_known_crc                           0x08011084   Data          10  lto-llvm-10048f.o(.rodata)
    [Anonymous Symbol]                       0x08011084   Section        0  lto-llvm-10048f.o(.rodata)
    matrix_known_crc                         0x0801108e   Data          10  lto-llvm-10048f.o(.rodata)
    state_known_crc                          0x08011098   Data          10  lto-llvm-10048f.o(.rodata)
    .Lswitch.table.core_init_state           0x080110a4   Data          32  lto-llvm-10048f.o(.rodata)
    intpat                                   0x080110c4   Data          16  lto-llvm-10048f.o(.rodata)
    floatpat                                 0x080110d4   Data          16  lto-llvm-10048f.o(.rodata)
    scipat                                   0x080110e4   Data          16  lto-llvm-10048f.o(.rodata)
    errpat                                   0x080110f4   Data          16  lto-llvm-10048f.o(.rodata)
    UARTPrescTable                           0x08011104   Data          24  lto-llvm-10048f.o(.rodata)
    AHBPrescTable                            0x0801111c   Data          16  lto-llvm-10048f.o(.rodata.cst16)
    [Anonymous Symbol]                       0x0801111c   Section        0  lto-llvm-10048f.o(.rodata.cst16)
    .Lswitch.table.core_init_state.16        0x0801112c   Data          32  lto-llvm-10048f.o(.rodata.cst32)
    UARTEx_SetNbDataToProcess.numerator      0x0801114c   Data           8  lto-llvm-10048f.o(.rodata.cst8)
    [Anonymous Symbol]                       0x0801114c   Section        0  lto-llvm-10048f.o(.rodata.cst8)
    UARTEx_SetNbDataToProcess.denominator    0x08011154   Data           8  lto-llvm-10048f.o(.rodata.cst8)
    APBPrescTable                            0x0801115c   Data           8  lto-llvm-10048f.o(.rodata.cst8)
    .L.str.15                                0x08011164   Data          63  lto-llvm-10048f.o(.rodata.str1.1)
    [Anonymous Symbol]                       0x08011164   Section        0  lto-llvm-10048f.o(.rodata.str1.1)
    .L.str.6                                 0x080111a3   Data          46  lto-llvm-10048f.o(.rodata.str1.1)
    .L.str.3                                 0x080111d1   Data          46  lto-llvm-10048f.o(.rodata.str1.1)
    .L.str.7                                 0x080111ff   Data          45  lto-llvm-10048f.o(.rodata.str1.1)
    .L.str.4                                 0x0801122c   Data          45  lto-llvm-10048f.o(.rodata.str1.1)
    .L.str.5                                 0x08011259   Data          50  lto-llvm-10048f.o(.rodata.str1.1)
    .L.str.33                                0x0801128b   Data         100  lto-llvm-10048f.o(.rodata.str1.1)
    .L.str.28                                0x080112ef   Data          74  lto-llvm-10048f.o(.rodata.str1.1)
    .L.str.5.41                              0x08011339   Data           7  lto-llvm-10048f.o(.rodata.str1.1)
    .L.str.14                                0x08011340   Data          24  lto-llvm-10048f.o(.rodata.str1.1)
    .L.str.13                                0x08011358   Data          24  lto-llvm-10048f.o(.rodata.str1.1)
    .L.str.19                                0x08011370   Data          24  lto-llvm-10048f.o(.rodata.str1.1)
    .L.str.21                                0x08011388   Data          24  lto-llvm-10048f.o(.rodata.str1.1)
    .L.str.17                                0x080113a0   Data          24  lto-llvm-10048f.o(.rodata.str1.1)
    .L.str.16                                0x080113b8   Data          25  lto-llvm-10048f.o(.rodata.str1.1)
    .L.str.12                                0x080113d1   Data          25  lto-llvm-10048f.o(.rodata.str1.1)
    .L.str.11                                0x080113ea   Data          25  lto-llvm-10048f.o(.rodata.str1.1)
    .L.str.23                                0x08011403   Data          28  lto-llvm-10048f.o(.rodata.str1.1)
    .L.str.24                                0x0801141f   Data          29  lto-llvm-10048f.o(.rodata.str1.1)
    .L.str.26                                0x0801143c   Data          29  lto-llvm-10048f.o(.rodata.str1.1)
    .L.str.27                                0x08011459   Data          29  lto-llvm-10048f.o(.rodata.str1.1)
    .L.str.25                                0x08011476   Data          29  lto-llvm-10048f.o(.rodata.str1.1)
    .L.str.10                                0x08011493   Data          49  lto-llvm-10048f.o(.rodata.str1.1)
    .L.str.8                                 0x080114c4   Data          48  lto-llvm-10048f.o(.rodata.str1.1)
    .L.str.9                                 0x080114f4   Data          50  lto-llvm-10048f.o(.rodata.str1.1)
    .L.str.18                                0x08011526   Data         100  lto-llvm-10048f.o(.rodata.str1.1)
    .L.str.68                                0x080115e6   Data           7  lto-llvm-10048f.o(.rodata.str1.1)
    .L.str.22                                0x080115f6   Data           6  lto-llvm-10048f.o(.rodata.str1.1)
    .L.str.2.70                              0x080115fc   Data          37  lto-llvm-10048f.o(.rodata.str1.1)
    .L.str.30                                0x08011633   Data           6  lto-llvm-10048f.o(.rodata.str1.1)
    .L.str.29                                0x08011639   Data          26  lto-llvm-10048f.o(.rodata.str1.1)
    .L.str.20                                0x08011653   Data          23  lto-llvm-10048f.o(.rodata.str1.1)
    .L.str.1.69                              0x08011673   Data          37  lto-llvm-10048f.o(.rodata.str1.1)
    .L_MergedGlobals                         0x20000000   Data          12  lto-llvm-10048f.o(.data)
    seed3_volatile                           0x20000000   Data           4  lto-llvm-10048f.o(.data)
    [Anonymous Symbol]                       0x20000000   Section        0  lto-llvm-10048f.o(.data)
    seed4_volatile                           0x20000004   Data           4  lto-llvm-10048f.o(.data)
    SystemCoreClock                          0x20000008   Data           4  lto-llvm-10048f.o(.data)
    .bss                                     0x20000010   Section       96  libspace.o(.bss)
    huart3                                   0x20000070   Data         148  lto-llvm-10048f.o(.bss)
    [Anonymous Symbol]                       0x20000070   Section        0  lto-llvm-10048f.o(.bss)
    static_memblk                            0x20000104   Data        2000  lto-llvm-10048f.o(.bss)
    .L_MergedGlobals.124                     0x200008d4   Data          24  lto-llvm-10048f.o(.bss)
    start                                    0x200008d4   Data           1  lto-llvm-10048f.o(.bss)
    uwTickPrio                               0x200008d8   Data           1  lto-llvm-10048f.o(.bss)
    seed1_volatile                           0x200008dc   Data           4  lto-llvm-10048f.o(.bss)
    seed2_volatile                           0x200008e0   Data           4  lto-llvm-10048f.o(.bss)
    seed5_volatile                           0x200008e4   Data           4  lto-llvm-10048f.o(.bss)
    uwTick                                   0x200008e8   Data           4  lto-llvm-10048f.o(.bss)
    Heap_Mem                                 0x200008f0   Data         512  startup_stm32h563xx.o(HEAP)
    HEAP                                     0x200008f0   Section      512  startup_stm32h563xx.o(HEAP)
    Stack_Mem                                0x20000af0   Data        8192  startup_stm32h563xx.o(STACK)
    STACK                                    0x20000af0   Section     8192  startup_stm32h563xx.o(STACK)
    __initial_sp                             0x20002af0   Data           0  startup_stm32h563xx.o(STACK)

    Global Symbols

    Symbol Name                              Value     Ov Type        Size  Object(Section)

    BuildAttributes$$THM_ISAv4$E$P$D$K$B$S$7EM$8M$VFPi5$EXTD16$VFPS$VFMA$PE$A:L22UL41UL21$X:L11$S22US41US21$IEEE1$IW$~IW$USESV6$~STKCKD$USESV7$WCHAR32$ENUMINT$~SHL$OTIME$ROPI$IEEEF$EBA8$UX$STANDARDLIB$REQ8$PRES8$EABIv2 0x00000000   Number         0  anon$$obj.o ABSOLUTE
    __ARM_exceptions_init                     - Undefined Weak Reference
    __alloca_initialize                       - Undefined Weak Reference
    __arm_preinit_                            - Undefined Weak Reference
    __cpp_initialize__aeabi_                  - Undefined Weak Reference
    __cxa_finalize                            - Undefined Weak Reference
    __rt_locale                               - Undefined Weak Reference
    __sigvec_lookup                           - Undefined Weak Reference
    _atexit_init                              - Undefined Weak Reference
    _call_atexit_fns                          - Undefined Weak Reference
    _clock_init                               - Undefined Weak Reference
    _fp_trap_init                             - Undefined Weak Reference
    _fp_trap_shutdown                         - Undefined Weak Reference
    _get_lc_collate                           - Undefined Weak Reference
    _get_lc_ctype                             - Undefined Weak Reference
    _get_lc_monetary                          - Undefined Weak Reference
    _get_lc_numeric                           - Undefined Weak Reference
    _get_lc_time                              - Undefined Weak Reference
    _getenv_init                              - Undefined Weak Reference
    _handle_redirection                       - Undefined Weak Reference
    _init_alloc                               - Undefined Weak Reference
    _init_user_alloc                          - Undefined Weak Reference
    _initio                                   - Undefined Weak Reference
    _rand_init                                - Undefined Weak Reference
    _signal_finish                            - Undefined Weak Reference
    _signal_init                              - Undefined Weak Reference
    _terminate_alloc                          - Undefined Weak Reference
    _terminate_user_alloc                     - Undefined Weak Reference
    _terminateio                              - Undefined Weak Reference
    __Vectors_Size                           0x0000024c   Number         0  startup_stm32h563xx.o ABSOLUTE
    __Vectors                                0x08000000   Data           4  startup_stm32h563xx.o(RESET)
    __Vectors_End                            0x0800024c   Data           0  startup_stm32h563xx.o(RESET)
    __main                                   0x0800024d   Thumb Code     8  __main.o(!!!main)
    __scatterload                            0x08000255   Thumb Code     0  __scatter.o(!!!scatter)
    __scatterload_rt2                        0x08000255   Thumb Code    44  __scatter.o(!!!scatter)
    __scatterload_rt2_thumb_only             0x08000255   Thumb Code     0  __scatter.o(!!!scatter)
    __scatterload_null                       0x08000263   Thumb Code     0  __scatter.o(!!!scatter)
    __scatterload_copy                       0x08000289   Thumb Code    26  __scatter_copy.o(!!handler_copy)
    __scatterload_zeroinit                   0x080002a5   Thumb Code    28  __scatter_zi.o(!!handler_zi)
    __rt_lib_init                            0x080002c1   Thumb Code     0  libinit.o(.ARM.Collect$$libinit$$00000000)
    __rt_lib_init_fp_1                       0x080002c3   Thumb Code     0  libinit2.o(.ARM.Collect$$libinit$$00000001)
    __rt_lib_init_alloca_1                   0x080002c7   Thumb Code     0  libinit2.o(.ARM.Collect$$libinit$$0000002E)
    __rt_lib_init_argv_1                     0x080002c7   Thumb Code     0  libinit2.o(.ARM.Collect$$libinit$$0000002C)
    __rt_lib_init_atexit_1                   0x080002c7   Thumb Code     0  libinit2.o(.ARM.Collect$$libinit$$0000001B)
    __rt_lib_init_clock_1                    0x080002c7   Thumb Code     0  libinit2.o(.ARM.Collect$$libinit$$00000021)
    __rt_lib_init_cpp_1                      0x080002c7   Thumb Code     0  libinit2.o(.ARM.Collect$$libinit$$00000032)
    __rt_lib_init_exceptions_1               0x080002c7   Thumb Code     0  libinit2.o(.ARM.Collect$$libinit$$00000030)
    __rt_lib_init_fp_trap_1                  0x080002c7   Thumb Code     0  libinit2.o(.ARM.Collect$$libinit$$0000001F)
    __rt_lib_init_getenv_1                   0x080002c7   Thumb Code     0  libinit2.o(.ARM.Collect$$libinit$$00000023)
    __rt_lib_init_heap_1                     0x080002c7   Thumb Code     0  libinit2.o(.ARM.Collect$$libinit$$0000000A)
    __rt_lib_init_lc_collate_1               0x080002c7   Thumb Code     0  libinit2.o(.ARM.Collect$$libinit$$00000011)
    __rt_lib_init_lc_ctype_1                 0x080002c7   Thumb Code     0  libinit2.o(.ARM.Collect$$libinit$$00000013)
    __rt_lib_init_lc_monetary_1              0x080002c7   Thumb Code     0  libinit2.o(.ARM.Collect$$libinit$$00000015)
    __rt_lib_init_lc_numeric_1               0x080002c7   Thumb Code     0  libinit2.o(.ARM.Collect$$libinit$$00000017)
    __rt_lib_init_lc_time_1                  0x080002c7   Thumb Code     0  libinit2.o(.ARM.Collect$$libinit$$00000019)
    __rt_lib_init_preinit_1                  0x080002c7   Thumb Code     0  libinit2.o(.ARM.Collect$$libinit$$00000004)
    __rt_lib_init_rand_1                     0x080002c7   Thumb Code     0  libinit2.o(.ARM.Collect$$libinit$$0000000E)
    __rt_lib_init_return                     0x080002c7   Thumb Code     0  libinit2.o(.ARM.Collect$$libinit$$00000033)
    __rt_lib_init_signal_1                   0x080002c7   Thumb Code     0  libinit2.o(.ARM.Collect$$libinit$$0000001D)
    __rt_lib_init_stdio_1                    0x080002c7   Thumb Code     0  libinit2.o(.ARM.Collect$$libinit$$00000025)
    __rt_lib_init_user_alloc_1               0x080002c7   Thumb Code     0  libinit2.o(.ARM.Collect$$libinit$$0000000C)
    __rt_lib_shutdown                        0x080002c9   Thumb Code     0  libshutdown.o(.ARM.Collect$$libshutdown$$00000000)
    __rt_lib_shutdown_cpp_1                  0x080002cb   Thumb Code     0  libshutdown2.o(.ARM.Collect$$libshutdown$$00000002)
    __rt_lib_shutdown_fp_trap_1              0x080002cb   Thumb Code     0  libshutdown2.o(.ARM.Collect$$libshutdown$$00000007)
    __rt_lib_shutdown_heap_1                 0x080002cb   Thumb Code     0  libshutdown2.o(.ARM.Collect$$libshutdown$$0000000F)
    __rt_lib_shutdown_return                 0x080002cb   Thumb Code     0  libshutdown2.o(.ARM.Collect$$libshutdown$$00000010)
    __rt_lib_shutdown_signal_1               0x080002cb   Thumb Code     0  libshutdown2.o(.ARM.Collect$$libshutdown$$0000000A)
    __rt_lib_shutdown_stdio_1                0x080002cb   Thumb Code     0  libshutdown2.o(.ARM.Collect$$libshutdown$$00000004)
    __rt_lib_shutdown_user_alloc_1           0x080002cb   Thumb Code     0  libshutdown2.o(.ARM.Collect$$libshutdown$$0000000C)
    __rt_entry                               0x080002cd   Thumb Code     0  __rtentry.o(.ARM.Collect$$rtentry$$00000000)
    __rt_entry_presh_1                       0x080002cd   Thumb Code     0  __rtentry2.o(.ARM.Collect$$rtentry$$00000002)
    __rt_entry_sh                            0x080002cd   Thumb Code     0  __rtentry4.o(.ARM.Collect$$rtentry$$00000004)
    __rt_entry_li                            0x080002d3   Thumb Code     0  __rtentry2.o(.ARM.Collect$$rtentry$$0000000A)
    __rt_entry_postsh_1                      0x080002d3   Thumb Code     0  __rtentry2.o(.ARM.Collect$$rtentry$$00000009)
    __rt_entry_main                          0x080002d7   Thumb Code     0  __rtentry2.o(.ARM.Collect$$rtentry$$0000000D)
    __rt_entry_postli_1                      0x080002d7   Thumb Code     0  __rtentry2.o(.ARM.Collect$$rtentry$$0000000C)
    __rt_exit                                0x080002df   Thumb Code     0  rtexit.o(.ARM.Collect$$rtexit$$00000000)
    __rt_exit_ls                             0x080002e1   Thumb Code     0  rtexit2.o(.ARM.Collect$$rtexit$$00000003)
    __rt_exit_prels_1                        0x080002e1   Thumb Code     0  rtexit2.o(.ARM.Collect$$rtexit$$00000002)
    __rt_exit_exit                           0x080002e5   Thumb Code     0  rtexit2.o(.ARM.Collect$$rtexit$$00000004)
    Reset_Handler                            0x080002ed   Thumb Code     8  startup_stm32h563xx.o(.text)
    SecureFault_Handler                      0x080002ff   Thumb Code     2  startup_stm32h563xx.o(.text)
    ADC1_IRQHandler                          0x08000309   Thumb Code     0  startup_stm32h563xx.o(.text)
    ADC2_IRQHandler                          0x08000309   Thumb Code     0  startup_stm32h563xx.o(.text)
    CEC_IRQHandler                           0x08000309   Thumb Code     0  startup_stm32h563xx.o(.text)
    CORDIC_IRQHandler                        0x08000309   Thumb Code     0  startup_stm32h563xx.o(.text)
    CRS_IRQHandler                           0x08000309   Thumb Code     0  startup_stm32h563xx.o(.text)
    DAC1_IRQHandler                          0x08000309   Thumb Code     0  startup_stm32h563xx.o(.text)
    DCACHE1_IRQHandler                       0x08000309   Thumb Code     0  startup_stm32h563xx.o(.text)
    DCMI_PSSI_IRQHandler                     0x08000309   Thumb Code     0  startup_stm32h563xx.o(.text)
    DTS_IRQHandler                           0x08000309   Thumb Code     0  startup_stm32h563xx.o(.text)
    ETH_IRQHandler                           0x08000309   Thumb Code     0  startup_stm32h563xx.o(.text)
    ETH_WKUP_IRQHandler                      0x08000309   Thumb Code     0  startup_stm32h563xx.o(.text)
    EXTI0_IRQHandler                         0x08000309   Thumb Code     0  startup_stm32h563xx.o(.text)
    EXTI10_IRQHandler                        0x08000309   Thumb Code     0  startup_stm32h563xx.o(.text)
    EXTI11_IRQHandler                        0x08000309   Thumb Code     0  startup_stm32h563xx.o(.text)
    EXTI12_IRQHandler                        0x08000309   Thumb Code     0  startup_stm32h563xx.o(.text)
    EXTI13_IRQHandler                        0x08000309   Thumb Code     0  startup_stm32h563xx.o(.text)
    EXTI14_IRQHandler                        0x08000309   Thumb Code     0  startup_stm32h563xx.o(.text)
    EXTI15_IRQHandler                        0x08000309   Thumb Code     0  startup_stm32h563xx.o(.text)
    EXTI1_IRQHandler                         0x08000309   Thumb Code     0  startup_stm32h563xx.o(.text)
    EXTI2_IRQHandler                         0x08000309   Thumb Code     0  startup_stm32h563xx.o(.text)
    EXTI3_IRQHandler                         0x08000309   Thumb Code     0  startup_stm32h563xx.o(.text)
    EXTI4_IRQHandler                         0x08000309   Thumb Code     0  startup_stm32h563xx.o(.text)
    EXTI5_IRQHandler                         0x08000309   Thumb Code     0  startup_stm32h563xx.o(.text)
    EXTI6_IRQHandler                         0x08000309   Thumb Code     0  startup_stm32h563xx.o(.text)
    EXTI7_IRQHandler                         0x08000309   Thumb Code     0  startup_stm32h563xx.o(.text)
    EXTI8_IRQHandler                         0x08000309   Thumb Code     0  startup_stm32h563xx.o(.text)
    EXTI9_IRQHandler                         0x08000309   Thumb Code     0  startup_stm32h563xx.o(.text)
    FDCAN1_IT0_IRQHandler                    0x08000309   Thumb Code     0  startup_stm32h563xx.o(.text)
    FDCAN1_IT1_IRQHandler                    0x08000309   Thumb Code     0  startup_stm32h563xx.o(.text)
    FDCAN2_IT0_IRQHandler                    0x08000309   Thumb Code     0  startup_stm32h563xx.o(.text)
    FDCAN2_IT1_IRQHandler                    0x08000309   Thumb Code     0  startup_stm32h563xx.o(.text)
    FLASH_IRQHandler                         0x08000309   Thumb Code     0  startup_stm32h563xx.o(.text)
    FLASH_S_IRQHandler                       0x08000309   Thumb Code     0  startup_stm32h563xx.o(.text)
    FMAC_IRQHandler                          0x08000309   Thumb Code     0  startup_stm32h563xx.o(.text)
    FMC_IRQHandler                           0x08000309   Thumb Code     0  startup_stm32h563xx.o(.text)
    FPU_IRQHandler                           0x08000309   Thumb Code     0  startup_stm32h563xx.o(.text)
    GPDMA1_Channel0_IRQHandler               0x08000309   Thumb Code     0  startup_stm32h563xx.o(.text)
    GPDMA1_Channel1_IRQHandler               0x08000309   Thumb Code     0  startup_stm32h563xx.o(.text)
    GPDMA1_Channel2_IRQHandler               0x08000309   Thumb Code     0  startup_stm32h563xx.o(.text)
    GPDMA1_Channel3_IRQHandler               0x08000309   Thumb Code     0  startup_stm32h563xx.o(.text)
    GPDMA1_Channel4_IRQHandler               0x08000309   Thumb Code     0  startup_stm32h563xx.o(.text)
    GPDMA1_Channel5_IRQHandler               0x08000309   Thumb Code     0  startup_stm32h563xx.o(.text)
    GPDMA1_Channel6_IRQHandler               0x08000309   Thumb Code     0  startup_stm32h563xx.o(.text)
    GPDMA1_Channel7_IRQHandler               0x08000309   Thumb Code     0  startup_stm32h563xx.o(.text)
    GPDMA2_Channel0_IRQHandler               0x08000309   Thumb Code     0  startup_stm32h563xx.o(.text)
    GPDMA2_Channel1_IRQHandler               0x08000309   Thumb Code     0  startup_stm32h563xx.o(.text)
    GPDMA2_Channel2_IRQHandler               0x08000309   Thumb Code     0  startup_stm32h563xx.o(.text)
    GPDMA2_Channel3_IRQHandler               0x08000309   Thumb Code     0  startup_stm32h563xx.o(.text)
    GPDMA2_Channel4_IRQHandler               0x08000309   Thumb Code     0  startup_stm32h563xx.o(.text)
    GPDMA2_Channel5_IRQHandler               0x08000309   Thumb Code     0  startup_stm32h563xx.o(.text)
    GPDMA2_Channel6_IRQHandler               0x08000309   Thumb Code     0  startup_stm32h563xx.o(.text)
    GPDMA2_Channel7_IRQHandler               0x08000309   Thumb Code     0  startup_stm32h563xx.o(.text)
    GTZC_IRQHandler                          0x08000309   Thumb Code     0  startup_stm32h563xx.o(.text)
    HASH_IRQHandler                          0x08000309   Thumb Code     0  startup_stm32h563xx.o(.text)
    I2C1_ER_IRQHandler                       0x08000309   Thumb Code     0  startup_stm32h563xx.o(.text)
    I2C1_EV_IRQHandler                       0x08000309   Thumb Code     0  startup_stm32h563xx.o(.text)
    I2C2_ER_IRQHandler                       0x08000309   Thumb Code     0  startup_stm32h563xx.o(.text)
    I2C2_EV_IRQHandler                       0x08000309   Thumb Code     0  startup_stm32h563xx.o(.text)
    I2C3_ER_IRQHandler                       0x08000309   Thumb Code     0  startup_stm32h563xx.o(.text)
    I2C3_EV_IRQHandler                       0x08000309   Thumb Code     0  startup_stm32h563xx.o(.text)
    I2C4_ER_IRQHandler                       0x08000309   Thumb Code     0  startup_stm32h563xx.o(.text)
    I2C4_EV_IRQHandler                       0x08000309   Thumb Code     0  startup_stm32h563xx.o(.text)
    I3C1_ER_IRQHandler                       0x08000309   Thumb Code     0  startup_stm32h563xx.o(.text)
    I3C1_EV_IRQHandler                       0x08000309   Thumb Code     0  startup_stm32h563xx.o(.text)
    ICACHE_IRQHandler                        0x08000309   Thumb Code     0  startup_stm32h563xx.o(.text)
    IWDG_IRQHandler                          0x08000309   Thumb Code     0  startup_stm32h563xx.o(.text)
    LPTIM1_IRQHandler                        0x08000309   Thumb Code     0  startup_stm32h563xx.o(.text)
    LPTIM2_IRQHandler                        0x08000309   Thumb Code     0  startup_stm32h563xx.o(.text)
    LPTIM3_IRQHandler                        0x08000309   Thumb Code     0  startup_stm32h563xx.o(.text)
    LPTIM4_IRQHandler                        0x08000309   Thumb Code     0  startup_stm32h563xx.o(.text)
    LPTIM5_IRQHandler                        0x08000309   Thumb Code     0  startup_stm32h563xx.o(.text)
    LPTIM6_IRQHandler                        0x08000309   Thumb Code     0  startup_stm32h563xx.o(.text)
    LPUART1_IRQHandler                       0x08000309   Thumb Code     0  startup_stm32h563xx.o(.text)
    OCTOSPI1_IRQHandler                      0x08000309   Thumb Code     0  startup_stm32h563xx.o(.text)
    PVD_AVD_IRQHandler                       0x08000309   Thumb Code     0  startup_stm32h563xx.o(.text)
    RAMCFG_IRQHandler                        0x08000309   Thumb Code     0  startup_stm32h563xx.o(.text)
    RCC_IRQHandler                           0x08000309   Thumb Code     0  startup_stm32h563xx.o(.text)
    RCC_S_IRQHandler                         0x08000309   Thumb Code     0  startup_stm32h563xx.o(.text)
    RNG_IRQHandler                           0x08000309   Thumb Code     0  startup_stm32h563xx.o(.text)
    RTC_IRQHandler                           0x08000309   Thumb Code     0  startup_stm32h563xx.o(.text)
    RTC_S_IRQHandler                         0x08000309   Thumb Code     0  startup_stm32h563xx.o(.text)
    SAI1_IRQHandler                          0x08000309   Thumb Code     0  startup_stm32h563xx.o(.text)
    SAI2_IRQHandler                          0x08000309   Thumb Code     0  startup_stm32h563xx.o(.text)
    SDMMC1_IRQHandler                        0x08000309   Thumb Code     0  startup_stm32h563xx.o(.text)
    SDMMC2_IRQHandler                        0x08000309   Thumb Code     0  startup_stm32h563xx.o(.text)
    SPI1_IRQHandler                          0x08000309   Thumb Code     0  startup_stm32h563xx.o(.text)
    SPI2_IRQHandler                          0x08000309   Thumb Code     0  startup_stm32h563xx.o(.text)
    SPI3_IRQHandler                          0x08000309   Thumb Code     0  startup_stm32h563xx.o(.text)
    SPI4_IRQHandler                          0x08000309   Thumb Code     0  startup_stm32h563xx.o(.text)
    SPI5_IRQHandler                          0x08000309   Thumb Code     0  startup_stm32h563xx.o(.text)
    SPI6_IRQHandler                          0x08000309   Thumb Code     0  startup_stm32h563xx.o(.text)
    TAMP_IRQHandler                          0x08000309   Thumb Code     0  startup_stm32h563xx.o(.text)
    TIM12_IRQHandler                         0x08000309   Thumb Code     0  startup_stm32h563xx.o(.text)
    TIM13_IRQHandler                         0x08000309   Thumb Code     0  startup_stm32h563xx.o(.text)
    TIM14_IRQHandler                         0x08000309   Thumb Code     0  startup_stm32h563xx.o(.text)
    TIM15_IRQHandler                         0x08000309   Thumb Code     0  startup_stm32h563xx.o(.text)
    TIM16_IRQHandler                         0x08000309   Thumb Code     0  startup_stm32h563xx.o(.text)
    TIM17_IRQHandler                         0x08000309   Thumb Code     0  startup_stm32h563xx.o(.text)
    TIM1_BRK_IRQHandler                      0x08000309   Thumb Code     0  startup_stm32h563xx.o(.text)
    TIM1_CC_IRQHandler                       0x08000309   Thumb Code     0  startup_stm32h563xx.o(.text)
    TIM1_TRG_COM_IRQHandler                  0x08000309   Thumb Code     0  startup_stm32h563xx.o(.text)
    TIM1_UP_IRQHandler                       0x08000309   Thumb Code     0  startup_stm32h563xx.o(.text)
    TIM2_IRQHandler                          0x08000309   Thumb Code     0  startup_stm32h563xx.o(.text)
    TIM3_IRQHandler                          0x08000309   Thumb Code     0  startup_stm32h563xx.o(.text)
    TIM4_IRQHandler                          0x08000309   Thumb Code     0  startup_stm32h563xx.o(.text)
    TIM5_IRQHandler                          0x08000309   Thumb Code     0  startup_stm32h563xx.o(.text)
    TIM6_IRQHandler                          0x08000309   Thumb Code     0  startup_stm32h563xx.o(.text)
    TIM7_IRQHandler                          0x08000309   Thumb Code     0  startup_stm32h563xx.o(.text)
    TIM8_BRK_IRQHandler                      0x08000309   Thumb Code     0  startup_stm32h563xx.o(.text)
    TIM8_CC_IRQHandler                       0x08000309   Thumb Code     0  startup_stm32h563xx.o(.text)
    TIM8_TRG_COM_IRQHandler                  0x08000309   Thumb Code     0  startup_stm32h563xx.o(.text)
    TIM8_UP_IRQHandler                       0x08000309   Thumb Code     0  startup_stm32h563xx.o(.text)
    UART12_IRQHandler                        0x08000309   Thumb Code     0  startup_stm32h563xx.o(.text)
    UART4_IRQHandler                         0x08000309   Thumb Code     0  startup_stm32h563xx.o(.text)
    UART5_IRQHandler                         0x08000309   Thumb Code     0  startup_stm32h563xx.o(.text)
    UART7_IRQHandler                         0x08000309   Thumb Code     0  startup_stm32h563xx.o(.text)
    UART8_IRQHandler                         0x08000309   Thumb Code     0  startup_stm32h563xx.o(.text)
    UART9_IRQHandler                         0x08000309   Thumb Code     0  startup_stm32h563xx.o(.text)
    UCPD1_IRQHandler                         0x08000309   Thumb Code     0  startup_stm32h563xx.o(.text)
    USART10_IRQHandler                       0x08000309   Thumb Code     0  startup_stm32h563xx.o(.text)
    USART11_IRQHandler                       0x08000309   Thumb Code     0  startup_stm32h563xx.o(.text)
    USART1_IRQHandler                        0x08000309   Thumb Code     0  startup_stm32h563xx.o(.text)
    USART2_IRQHandler                        0x08000309   Thumb Code     0  startup_stm32h563xx.o(.text)
    USART3_IRQHandler                        0x08000309   Thumb Code     0  startup_stm32h563xx.o(.text)
    USART6_IRQHandler                        0x08000309   Thumb Code     0  startup_stm32h563xx.o(.text)
    USB_DRD_FS_IRQHandler                    0x08000309   Thumb Code     0  startup_stm32h563xx.o(.text)
    WWDG_IRQHandler                          0x08000309   Thumb Code     0  startup_stm32h563xx.o(.text)
    __user_initial_stackheap                 0x0800030d   Thumb Code    10  startup_stm32h563xx.o(.text)
    __use_two_region_memory                  0x08000331   Thumb Code     2  heapauxi.o(.text)
    __rt_heap_escrow$2region                 0x08000333   Thumb Code     2  heapauxi.o(.text)
    __rt_heap_expand$2region                 0x08000335   Thumb Code     2  heapauxi.o(.text)
    __user_setup_stackheap                   0x08000337   Thumb Code    74  sys_stackheap_outer.o(.text)
    exit                                     0x08000381   Thumb Code    18  exit.o(.text)
    __user_libspace                          0x08000395   Thumb Code     8  libspace.o(.text)
    __user_perproc_libspace                  0x08000395   Thumb Code     0  libspace.o(.text)
    __user_perthread_libspace                0x08000395   Thumb Code     0  libspace.o(.text)
    _sys_exit                                0x0800039d   Thumb Code     8  sys_exit.o(.text)
    __I$use$semihosting                      0x080003a9   Thumb Code     0  use_no_semi.o(.text)
    __use_no_semihosting_swi                 0x080003a9   Thumb Code     2  use_no_semi.o(.text)
    __aeabi_uldivmod                         0x080003ab   Thumb Code     0  lludivv7m.o(.text)
    __semihosting_library_function           0x080003ab   Thumb Code     0  indicate_semi.o(.text)
    _ll_udiv                                 0x080003ab   Thumb Code   240  lludivv7m.o(.text)
    __aeabi_memset                           0x0800049b   Thumb Code    16  aeabi_memset.o(.text)
    __aeabi_memclr                           0x080004ab   Thumb Code     0  rt_memclr.o(.text)
    __rt_memclr                              0x080004ab   Thumb Code     0  rt_memclr.o(.text)
    _memset                                  0x080004af   Thumb Code    64  rt_memclr.o(.text)
    __aeabi_memclr4                          0x080004ef   Thumb Code     0  rt_memclr_w.o(.text)
    __aeabi_memclr8                          0x080004ef   Thumb Code     0  rt_memclr_w.o(.text)
    __rt_memclr_w                            0x080004ef   Thumb Code     0  rt_memclr_w.o(.text)
    _memset_w                                0x080004f3   Thumb Code    74  rt_memclr_w.o(.text)
    BusFault_Handler                         0x0800053d   Thumb Code     2  lto-llvm-10048f.o(.text.BusFault_Handler)
    DebugMon_Handler                         0x08000541   Thumb Code     2  lto-llvm-10048f.o(.text.DebugMon_Handler)
    HardFault_Handler                        0x08009961   Thumb Code     2  lto-llvm-10048f.o(.text.HardFault_Handler)
    MemManage_Handler                        0x08009965   Thumb Code     2  lto-llvm-10048f.o(.text.MemManage_Handler)
    NMI_Handler                              0x08009969   Thumb Code     2  lto-llvm-10048f.o(.text.NMI_Handler)
    PendSV_Handler                           0x0800996d   Thumb Code     2  lto-llvm-10048f.o(.text.PendSV_Handler)
    SVC_Handler                              0x08009971   Thumb Code     2  lto-llvm-10048f.o(.text.SVC_Handler)
    SysTick_Handler                          0x08009975   Thumb Code    16  lto-llvm-10048f.o(.text.SysTick_Handler)
    SystemInit                               0x08009985   Thumb Code   174  lto-llvm-10048f.o(.text.SystemInit)
    UsageFault_Handler                       0x08009d21   Thumb Code     2  lto-llvm-10048f.o(.text.UsageFault_Handler)
    main                                     0x0800e3d1   Thumb Code  8480  lto-llvm-10048f.o(.text.main)
    __hardfp_modf                            0x08010509   Thumb Code   202  modf.o(i.__hardfp_modf)
    __aeabi_dadd                             0x080105d9   Thumb Code     0  daddsub_clz.o(x$fpl$dadd)
    _dadd                                    0x080105d9   Thumb Code   332  daddsub_clz.o(x$fpl$dadd)
    __fpl_dcmp_Inf                           0x08010729   Thumb Code    24  dcmpi.o(x$fpl$dcmpinf)
    __aeabi_ddiv                             0x08010741   Thumb Code     0  ddiv.o(x$fpl$ddiv)
    _ddiv                                    0x08010741   Thumb Code   556  ddiv.o(x$fpl$ddiv)
    __aeabi_cdcmpeq                          0x080109f5   Thumb Code     0  deqf.o(x$fpl$deqf)
    _dcmpeq                                  0x080109f5   Thumb Code   120  deqf.o(x$fpl$deqf)
    __aeabi_d2iz                             0x08010a6d   Thumb Code     0  dfix.o(x$fpl$dfix)
    _dfix                                    0x08010a6d   Thumb Code    94  dfix.o(x$fpl$dfix)
    __aeabi_d2uiz                            0x08010acd   Thumb Code     0  dfixu.o(x$fpl$dfixu)
    _dfixu                                   0x08010acd   Thumb Code    90  dfixu.o(x$fpl$dfixu)
    __aeabi_ui2d                             0x08010b27   Thumb Code     0  dflt_clz.o(x$fpl$dfltu)
    _dfltu                                   0x08010b27   Thumb Code    38  dflt_clz.o(x$fpl$dfltu)
    __aeabi_cdcmpge                          0x08010b4d   Thumb Code     0  dgeqf.o(x$fpl$dgeqf)
    _dcmpge                                  0x08010b4d   Thumb Code   120  dgeqf.o(x$fpl$dgeqf)
    __aeabi_cdcmple                          0x08010bc5   Thumb Code     0  dleqf.o(x$fpl$dleqf)
    _dcmple                                  0x08010bc5   Thumb Code   120  dleqf.o(x$fpl$dleqf)
    __fpl_dcmple_InfNaN                      0x08010c27   Thumb Code     0  dleqf.o(x$fpl$dleqf)
    __aeabi_dmul                             0x08010c3d   Thumb Code     0  dmul.o(x$fpl$dmul)
    _dmul                                    0x08010c3d   Thumb Code   332  dmul.o(x$fpl$dmul)
    __fpl_dnaninf                            0x08010d91   Thumb Code   156  dnaninf.o(x$fpl$dnaninf)
    __fpl_dretinf                            0x08010e2d   Thumb Code    12  dretinf.o(x$fpl$dretinf)
    __aeabi_dsub                             0x08010e39   Thumb Code     0  daddsub_clz.o(x$fpl$dsub)
    _dsub                                    0x08010e39   Thumb Code   472  daddsub_clz.o(x$fpl$dsub)
    __aeabi_dcmpeq                           0x08011015   Thumb Code     0  dcmp.o(x$fpl$fcmp)
    _deq                                     0x08011015   Thumb Code    14  dcmp.o(x$fpl$fcmp)
    _dneq                                    0x08011023   Thumb Code    14  dcmp.o(x$fpl$fcmp)
    __aeabi_dcmpgt                           0x08011031   Thumb Code     0  dcmp.o(x$fpl$fcmp)
    _dgr                                     0x08011031   Thumb Code    14  dcmp.o(x$fpl$fcmp)
    __aeabi_dcmpge                           0x0801103f   Thumb Code     0  dcmp.o(x$fpl$fcmp)
    _dgeq                                    0x0801103f   Thumb Code    14  dcmp.o(x$fpl$fcmp)
    __aeabi_dcmple                           0x0801104d   Thumb Code     0  dcmp.o(x$fpl$fcmp)
    _dleq                                    0x0801104d   Thumb Code    14  dcmp.o(x$fpl$fcmp)
    __aeabi_dcmplt                           0x0801105b   Thumb Code     0  dcmp.o(x$fpl$fcmp)
    _dls                                     0x0801105b   Thumb Code    14  dcmp.o(x$fpl$fcmp)
    _fp_init                                 0x08011069   Thumb Code    26  fpinit.o(x$fpl$fpinit)
    __fplib_config_fpu_vfp                   0x08011081   Thumb Code     0  fpinit.o(x$fpl$fpinit)
    __fplib_config_pureend_doubles           0x08011081   Thumb Code     0  fpinit.o(x$fpl$fpinit)
    __I$use$fp                               0x08011082   Number         0  usenofp.o(x$fpl$usenofp)
    Region$$Table$$Base                      0x08011698   Number         0  anon$$obj.o(Region$$Table)
    Region$$Table$$Limit                     0x080116b8   Number         0  anon$$obj.o(Region$$Table)
    __libspace_start                         0x20000010   Data          96  libspace.o(.bss)
    __temporary_stack_top$libspace           0x20000070   Data           0  libspace.o(.bss)



==============================================================================

Memory Map of the image

  Image Entry point : 0x0800024d

  Load Region LR_IROM1 (Base: 0x08000000, Size: 0x000116c8, Max: 0x00200000, ABSOLUTE)

    Execution Region ER_IROM1 (Exec base: 0x08000000, Load base: 0x08000000, Size: 0x000116b8, Max: 0x00200000, ABSOLUTE)

    Exec Addr    Load Addr    Size         Type   Attr      Idx    E Section Name        Object

    0x08000000   0x08000000   0x0000024c   Data   RO            3    RESET               startup_stm32h563xx.o
    0x0800024c   0x0800024c   0x00000008   Code   RO           41  * !!!main             c_wu.l(__main.o)
    0x08000254   0x08000254   0x00000034   Code   RO          331    !!!scatter          c_wu.l(__scatter.o)
    0x08000288   0x08000288   0x0000001a   Code   RO          333    !!handler_copy      c_wu.l(__scatter_copy.o)
    0x080002a2   0x080002a2   0x00000002   PAD
    0x080002a4   0x080002a4   0x0000001c   Code   RO          335    !!handler_zi        c_wu.l(__scatter_zi.o)
    0x080002c0   0x080002c0   0x00000002   Code   RO           85    .ARM.Collect$$libinit$$00000000  c_wu.l(libinit.o)
    0x080002c2   0x080002c2   0x00000004   Code   RO           91    .ARM.Collect$$libinit$$00000001  c_wu.l(libinit2.o)
    0x080002c6   0x080002c6   0x00000000   Code   RO           94    .ARM.Collect$$libinit$$00000004  c_wu.l(libinit2.o)
    0x080002c6   0x080002c6   0x00000000   Code   RO           97    .ARM.Collect$$libinit$$0000000A  c_wu.l(libinit2.o)
    0x080002c6   0x080002c6   0x00000000   Code   RO           99    .ARM.Collect$$libinit$$0000000C  c_wu.l(libinit2.o)
    0x080002c6   0x080002c6   0x00000000   Code   RO          101    .ARM.Collect$$libinit$$0000000E  c_wu.l(libinit2.o)
    0x080002c6   0x080002c6   0x00000000   Code   RO          104    .ARM.Collect$$libinit$$00000011  c_wu.l(libinit2.o)
    0x080002c6   0x080002c6   0x00000000   Code   RO          106    .ARM.Collect$$libinit$$00000013  c_wu.l(libinit2.o)
    0x080002c6   0x080002c6   0x00000000   Code   RO          108    .ARM.Collect$$libinit$$00000015  c_wu.l(libinit2.o)
    0x080002c6   0x080002c6   0x00000000   Code   RO          110    .ARM.Collect$$libinit$$00000017  c_wu.l(libinit2.o)
    0x080002c6   0x080002c6   0x00000000   Code   RO          112    .ARM.Collect$$libinit$$00000019  c_wu.l(libinit2.o)
    0x080002c6   0x080002c6   0x00000000   Code   RO          114    .ARM.Collect$$libinit$$0000001B  c_wu.l(libinit2.o)
    0x080002c6   0x080002c6   0x00000000   Code   RO          116    .ARM.Collect$$libinit$$0000001D  c_wu.l(libinit2.o)
    0x080002c6   0x080002c6   0x00000000   Code   RO          118    .ARM.Collect$$libinit$$0000001F  c_wu.l(libinit2.o)
    0x080002c6   0x080002c6   0x00000000   Code   RO          120    .ARM.Collect$$libinit$$00000021  c_wu.l(libinit2.o)
    0x080002c6   0x080002c6   0x00000000   Code   RO          122    .ARM.Collect$$libinit$$00000023  c_wu.l(libinit2.o)
    0x080002c6   0x080002c6   0x00000000   Code   RO          124    .ARM.Collect$$libinit$$00000025  c_wu.l(libinit2.o)
    0x080002c6   0x080002c6   0x00000000   Code   RO          128    .ARM.Collect$$libinit$$0000002C  c_wu.l(libinit2.o)
    0x080002c6   0x080002c6   0x00000000   Code   RO          130    .ARM.Collect$$libinit$$0000002E  c_wu.l(libinit2.o)
    0x080002c6   0x080002c6   0x00000000   Code   RO          132    .ARM.Collect$$libinit$$00000030  c_wu.l(libinit2.o)
    0x080002c6   0x080002c6   0x00000000   Code   RO          134    .ARM.Collect$$libinit$$00000032  c_wu.l(libinit2.o)
    0x080002c6   0x080002c6   0x00000002   Code   RO          135    .ARM.Collect$$libinit$$00000033  c_wu.l(libinit2.o)
    0x080002c8   0x080002c8   0x00000002   Code   RO          157    .ARM.Collect$$libshutdown$$00000000  c_wu.l(libshutdown.o)
    0x080002ca   0x080002ca   0x00000000   Code   RO          172    .ARM.Collect$$libshutdown$$00000002  c_wu.l(libshutdown2.o)
    0x080002ca   0x080002ca   0x00000000   Code   RO          174    .ARM.Collect$$libshutdown$$00000004  c_wu.l(libshutdown2.o)
    0x080002ca   0x080002ca   0x00000000   Code   RO          177    .ARM.Collect$$libshutdown$$00000007  c_wu.l(libshutdown2.o)
    0x080002ca   0x080002ca   0x00000000   Code   RO          180    .ARM.Collect$$libshutdown$$0000000A  c_wu.l(libshutdown2.o)
    0x080002ca   0x080002ca   0x00000000   Code   RO          182    .ARM.Collect$$libshutdown$$0000000C  c_wu.l(libshutdown2.o)
    0x080002ca   0x080002ca   0x00000000   Code   RO          185    .ARM.Collect$$libshutdown$$0000000F  c_wu.l(libshutdown2.o)
    0x080002ca   0x080002ca   0x00000002   Code   RO          186    .ARM.Collect$$libshutdown$$00000010  c_wu.l(libshutdown2.o)
    0x080002cc   0x080002cc   0x00000000   Code   RO           49    .ARM.Collect$$rtentry$$00000000  c_wu.l(__rtentry.o)
    0x080002cc   0x080002cc   0x00000000   Code   RO           58    .ARM.Collect$$rtentry$$00000002  c_wu.l(__rtentry2.o)
    0x080002cc   0x080002cc   0x00000006   Code   RO           70    .ARM.Collect$$rtentry$$00000004  c_wu.l(__rtentry4.o)
    0x080002d2   0x080002d2   0x00000000   Code   RO           60    .ARM.Collect$$rtentry$$00000009  c_wu.l(__rtentry2.o)
    0x080002d2   0x080002d2   0x00000004   Code   RO           61    .ARM.Collect$$rtentry$$0000000A  c_wu.l(__rtentry2.o)
    0x080002d6   0x080002d6   0x00000000   Code   RO           63    .ARM.Collect$$rtentry$$0000000C  c_wu.l(__rtentry2.o)
    0x080002d6   0x080002d6   0x00000008   Code   RO           64    .ARM.Collect$$rtentry$$0000000D  c_wu.l(__rtentry2.o)
    0x080002de   0x080002de   0x00000002   Code   RO           89    .ARM.Collect$$rtexit$$00000000  c_wu.l(rtexit.o)
    0x080002e0   0x080002e0   0x00000000   Code   RO          137    .ARM.Collect$$rtexit$$00000002  c_wu.l(rtexit2.o)
    0x080002e0   0x080002e0   0x00000004   Code   RO          138    .ARM.Collect$$rtexit$$00000003  c_wu.l(rtexit2.o)
    0x080002e4   0x080002e4   0x00000006   Code   RO          139    .ARM.Collect$$rtexit$$00000004  c_wu.l(rtexit2.o)
    0x080002ea   0x080002ea   0x00000002   PAD
    0x080002ec   0x080002ec   0x00000044   Code   RO            4    .text               startup_stm32h563xx.o
    0x08000330   0x08000330   0x00000006   Code   RO           39    .text               c_wu.l(heapauxi.o)
    0x08000336   0x08000336   0x0000004a   Code   RO           76    .text               c_wu.l(sys_stackheap_outer.o)
    0x08000380   0x08000380   0x00000012   Code   RO           78    .text               c_wu.l(exit.o)
    0x08000392   0x08000392   0x00000002   PAD
    0x08000394   0x08000394   0x00000008   Code   RO           86    .text               c_wu.l(libspace.o)
    0x0800039c   0x0800039c   0x0000000c   Code   RO          147    .text               c_wu.l(sys_exit.o)
    0x080003a8   0x080003a8   0x00000002   Code   RO          162    .text               c_wu.l(use_no_semi.o)
    0x080003aa   0x080003aa   0x00000000   Code   RO          164    .text               c_wu.l(indicate_semi.o)
    0x080003aa   0x080003aa   0x000000f0   Code   RO          281    .text               c_wu.l(lludivv7m.o)
    0x0800049a   0x0800049a   0x00000010   Code   RO          283    .text               c_wu.l(aeabi_memset.o)
    0x080004aa   0x080004aa   0x00000044   Code   RO          285    .text               c_wu.l(rt_memclr.o)
    0x080004ee   0x080004ee   0x0000004e   Code   RO          287    .text               c_wu.l(rt_memclr_w.o)
    0x0800053c   0x0800053c   0x00000002   Code   RO          228    .text.BusFault_Handler  lto-llvm-10048f.o
    0x0800053e   0x0800053e   0x00000002   PAD
    0x08000540   0x08000540   0x00000002   Code   RO          234    .text.DebugMon_Handler  lto-llvm-10048f.o
    0x08000542   0x08000542   0x00000002   PAD
    0x08000544   0x08000544   0x00002834   Code   RO          260    .text.HAL_RCCEx_GetPeriphCLKFreq  lto-llvm-10048f.o
    0x08002d78   0x08002d78   0x00006948   Code   RO          258    .text.HAL_RCCEx_PeriphCLKConfig  lto-llvm-10048f.o
    0x080096c0   0x080096c0   0x000001d8   Code   RO          256    .text.HAL_RCC_GetPCLK1Freq  lto-llvm-10048f.o
    0x08009898   0x08009898   0x000000c8   Code   RO          240    .text.HAL_UART_MspInit  lto-llvm-10048f.o
    0x08009960   0x08009960   0x00000002   Code   RO          224    .text.HardFault_Handler  lto-llvm-10048f.o
    0x08009962   0x08009962   0x00000002   PAD
    0x08009964   0x08009964   0x00000002   Code   RO          226    .text.MemManage_Handler  lto-llvm-10048f.o
    0x08009966   0x08009966   0x00000002   PAD
    0x08009968   0x08009968   0x00000002   Code   RO          222    .text.NMI_Handler   lto-llvm-10048f.o
    0x0800996a   0x0800996a   0x00000002   PAD
    0x0800996c   0x0800996c   0x00000002   Code   RO          236    .text.PendSV_Handler  lto-llvm-10048f.o
    0x0800996e   0x0800996e   0x00000002   PAD
    0x08009970   0x08009970   0x00000002   Code   RO          232    .text.SVC_Handler   lto-llvm-10048f.o
    0x08009972   0x08009972   0x00000002   PAD
    0x08009974   0x08009974   0x00000010   Code   RO          238    .text.SysTick_Handler  lto-llvm-10048f.o
    0x08009984   0x08009984   0x000000ae   Code   RO          264    .text.SystemInit    lto-llvm-10048f.o
    0x08009a32   0x08009a32   0x00000002   PAD
    0x08009a34   0x08009a34   0x000002ea   Code   RO          262    .text.UART_WaitOnFlagUntilTimeout  lto-llvm-10048f.o
    0x08009d1e   0x08009d1e   0x00000002   PAD
    0x08009d20   0x08009d20   0x00000002   Code   RO          230    .text.UsageFault_Handler  lto-llvm-10048f.o
    0x08009d22   0x08009d22   0x00000002   PAD
    0x08009d24   0x08009d24   0x0000082a   Code   RO          252    .text.core_bench_list  lto-llvm-10048f.o
    0x0800a54e   0x0800a54e   0x00000002   PAD
    0x0800a550   0x0800a550   0x00001c78   Code   RO          248    .text.core_bench_matrix  lto-llvm-10048f.o
    0x0800c1c8   0x0800c1c8   0x0000061c   Code   RO          250    .text.core_bench_state  lto-llvm-10048f.o
    0x0800c7e4   0x0800c7e4   0x00000116   Code   RO          246    .text.crc16         lto-llvm-10048f.o
    0x0800c8fa   0x0800c8fa   0x00000002   PAD
    0x0800c8fc   0x0800c8fc   0x00000116   Code   RO          242    .text.crcu16        lto-llvm-10048f.o
    0x0800ca12   0x0800ca12   0x00000002   PAD
    0x0800ca14   0x0800ca14   0x0000021a   Code   RO          244    .text.crcu32        lto-llvm-10048f.o
    0x0800cc2e   0x0800cc2e   0x00000002   PAD
    0x0800cc30   0x0800cc30   0x0000179c   Code   RO          254    .text.ee_printf     lto-llvm-10048f.o
    0x0800e3cc   0x0800e3cc   0x00000004   PAD
    0x0800e3d0   0x0800e3d0   0x00002138   Code   RO          220    .text.main          lto-llvm-10048f.o
    0x08010508   0x08010508   0x000000d0   Code   RO           43    i.__hardfp_modf     m_wm.l(modf.o)
    0x080105d8   0x080105d8   0x00000150   Code   RO           50    x$fpl$dadd          fz_wm.l(daddsub_clz.o)
    0x08010728   0x08010728   0x00000018   Code   RO          323    x$fpl$dcmpinf       fz_wm.l(dcmpi.o)
    0x08010740   0x08010740   0x000002b4   Code   RO          292    x$fpl$ddiv          fz_wm.l(ddiv.o)
    0x080109f4   0x080109f4   0x00000078   Code   RO          315    x$fpl$deqf          fz_wm.l(deqf.o)
    0x08010a6c   0x08010a6c   0x0000005e   Code   RO          295    x$fpl$dfix          fz_wm.l(dfix.o)
    0x08010aca   0x08010aca   0x00000002   PAD
    0x08010acc   0x08010acc   0x0000005a   Code   RO          299    x$fpl$dfixu         fz_wm.l(dfixu.o)
    0x08010b26   0x08010b26   0x00000026   Code   RO          303    x$fpl$dfltu         fz_wm.l(dflt_clz.o)
    0x08010b4c   0x08010b4c   0x00000078   Code   RO          317    x$fpl$dgeqf         fz_wm.l(dgeqf.o)
    0x08010bc4   0x08010bc4   0x00000078   Code   RO          319    x$fpl$dleqf         fz_wm.l(dleqf.o)
    0x08010c3c   0x08010c3c   0x00000154   Code   RO          309    x$fpl$dmul          fz_wm.l(dmul.o)
    0x08010d90   0x08010d90   0x0000009c   Code   RO           72    x$fpl$dnaninf       fz_wm.l(dnaninf.o)
    0x08010e2c   0x08010e2c   0x0000000c   Code   RO           74    x$fpl$dretinf       fz_wm.l(dretinf.o)
    0x08010e38   0x08010e38   0x000001dc   Code   RO           52    x$fpl$dsub          fz_wm.l(daddsub_clz.o)
    0x08011014   0x08011014   0x00000054   Code   RO          289    x$fpl$fcmp          fz_wm.l(dcmp.o)
    0x08011068   0x08011068   0x0000001a   Code   RO          145    x$fpl$fpinit        fz_wm.l(fpinit.o)
    0x08011082   0x08011082   0x00000000   Code   RO           56    x$fpl$usenofp       fz_wm.l(usenofp.o)
    0x08011082   0x08011082   0x00000002   PAD
    0x08011084   0x08011084   0x00000098   Data   RO          269    .rodata             lto-llvm-10048f.o
    0x0801111c   0x0801111c   0x00000010   Data   RO          272    .rodata.cst16       lto-llvm-10048f.o
    0x0801112c   0x0801112c   0x00000020   Data   RO          270    .rodata.cst32       lto-llvm-10048f.o
    0x0801114c   0x0801114c   0x00000018   Data   RO          271    .rodata.cst8        lto-llvm-10048f.o
    0x08011164   0x08011164   0x00000534   Data   RO          268    .rodata.str1.1      lto-llvm-10048f.o
    0x08011698   0x08011698   0x00000020   Data   RO          330    Region$$Table       anon$$obj.o


    Execution Region RW_IRAM1 (Exec base: 0x20000000, Load base: 0x080116b8, Size: 0x00002af0, Max: 0x000a0000, ABSOLUTE)

    Exec Addr    Load Addr    Size         Type   Attr      Idx    E Section Name        Object

    0x20000000   0x080116b8   0x0000000c   Data   RW          273    .data               lto-llvm-10048f.o
    0x2000000c   0x080116c4   0x00000004   PAD
    0x20000010        -       0x00000060   Zero   RW           87    .bss                c_wu.l(libspace.o)
    0x20000070        -       0x0000087c   Zero   RW          266    .bss                lto-llvm-10048f.o
    0x200008ec   0x080116c4   0x00000004   PAD
    0x200008f0        -       0x00000200   Zero   RW            2    HEAP                startup_stm32h563xx.o
    0x20000af0        -       0x00002000   Zero   RW            1    STACK               startup_stm32h563xx.o


==============================================================================

Image component sizes


      Code (inc. data)   RO Data    RW Data    ZI Data      Debug   Object Name

     65452       1062       1556         12       2172     199468   lto-llvm-10048f.o
        68         28        588          0       8704        960   startup_stm32h563xx.o

    ----------------------------------------------------------------------
     65552       1090       2176         12      10884     200428   Object Totals
         0          0         32          0          0          0   (incl. Generated)
        32          0          0          0          8          0   (incl. Padding)

    ----------------------------------------------------------------------

      Code (inc. data)   RO Data    RW Data    ZI Data      Debug   Library Member Name

         8          0          0          0          0         68   __main.o
         0          0          0          0          0          0   __rtentry.o
        12          0          0          0          0          0   __rtentry2.o
         6          0          0          0          0          0   __rtentry4.o
        52          8          0          0          0          0   __scatter.o
        26          0          0          0          0          0   __scatter_copy.o
        28          0          0          0          0          0   __scatter_zi.o
        16          0          0          0          0         68   aeabi_memset.o
        18          0          0          0          0         80   exit.o
         6          0          0          0          0        152   heapauxi.o
         0          0          0          0          0          0   indicate_semi.o
         2          0          0          0          0          0   libinit.o
         6          0          0          0          0          0   libinit2.o
         2          0          0          0          0          0   libshutdown.o
         2          0          0          0          0          0   libshutdown2.o
         8          4          0          0         96         68   libspace.o
       240          0          0          0          0        100   lludivv7m.o
        68          0          0          0          0         68   rt_memclr.o
        78          0          0          0          0         80   rt_memclr_w.o
         2          0          0          0          0          0   rtexit.o
        10          0          0          0          0          0   rtexit2.o
        12          4          0          0          0         68   sys_exit.o
        74          0          0          0          0         80   sys_stackheap_outer.o
         2          0          0          0          0         68   use_no_semi.o
       812         16          0          0          0        392   daddsub_clz.o
        84          0          0          0          0        244   dcmp.o
        24          0          0          0          0        116   dcmpi.o
       692        140          0          0          0        264   ddiv.o
       120          4          0          0          0        140   deqf.o
        94          4          0          0          0        140   dfix.o
        90          4          0          0          0        140   dfixu.o
        38          0          0          0          0        116   dflt_clz.o
       120          4          0          0          0        140   dgeqf.o
       120          4          0          0          0        140   dleqf.o
       340         12          0          0          0        152   dmul.o
       156          4          0          0          0        140   dnaninf.o
        12          0          0          0          0        116   dretinf.o
        26          0          0          0          0        116   fpinit.o
         0          0          0          0          0          0   usenofp.o
       208          6          0          0          0        152   modf.o

    ----------------------------------------------------------------------
      3624        214          0          0         96       3408   Library Totals
        10          0          0          0          0          0   (incl. Padding)

    ----------------------------------------------------------------------

      Code (inc. data)   RO Data    RW Data    ZI Data      Debug   Library Name

       678         16          0          0         96        900   c_wu.l
      2728        192          0          0          0       2356   fz_wm.l
       208          6          0          0          0        152   m_wm.l

    ----------------------------------------------------------------------
      3624        214          0          0         96       3408   Library Totals

    ----------------------------------------------------------------------

==============================================================================


      Code (inc. data)   RO Data    RW Data    ZI Data      Debug   

     69176       1304       2176         12      10980     202072   Grand Totals
     69176       1304       2176         12      10980     202072   ELF Image Totals
     69176       1304       2176         12          0          0   ROM Totals

==============================================================================

    Total RO  Size (Code + RO Data)                71352 (  69.68kB)
    Total RW  Size (RW Data + ZI Data)             10992 (  10.73kB)
    Total ROM Size (Code + RO Data + RW Data)      71364 (  69.69kB)

==============================================================================

